Component: ARM Compiler 5.06 update 2 (build 183) Tool: armlink [4d35b7]

==============================================================================

Section Cross References

    main.o(i.humi_police_task) refers to os_sem.o(i.OSSemPend) for OSSemPend
    main.o(i.humi_police_task) refers to beep.o(i.BEEP_ON) for BEEP_ON
    main.o(i.humi_police_task) refers to delay.o(i.delay_ms) for delay_ms
    main.o(i.humi_police_task) refers to beep.o(i.BEEP_OFF) for BEEP_OFF
    main.o(i.humi_police_task) refers to main.o(.data) for humi_sem
    main.o(i.lcd_display_task) refers to lcd.o(i.LCD_ShowString) for LCD_ShowString
    main.o(i.lcd_display_task) refers to dht11.o(i.DHT11_Read_Data) for DHT11_Read_Data
    main.o(i.lcd_display_task) refers to light_sensor.o(i.Light_Sensor_Get) for Light_Sensor_Get
    main.o(i.lcd_display_task) refers to printf1.o(i.__0printf$1) for __2printf
    main.o(i.lcd_display_task) refers to lcd.o(i.LCD_ShowNum) for LCD_ShowNum
    main.o(i.lcd_display_task) refers to os_sem.o(i.OSSemPost) for OSSemPost
    main.o(i.lcd_display_task) refers to delay.o(i.delay_ms) for delay_ms
    main.o(i.lcd_display_task) refers to lcd.o(.data) for POINT_COLOR
    main.o(i.lcd_display_task) refers to main.o(.data) for humi
    main.o(i.light_police_task) refers to os_sem.o(i.OSSemPend) for OSSemPend
    main.o(i.light_police_task) refers to beep.o(i.BEEP_ON) for BEEP_ON
    main.o(i.light_police_task) refers to delay.o(i.delay_ms) for delay_ms
    main.o(i.light_police_task) refers to beep.o(i.BEEP_OFF) for BEEP_OFF
    main.o(i.light_police_task) refers to main.o(.data) for LightSensor_sem
    main.o(i.main) refers to delay.o(i.delay_init) for delay_init
    main.o(i.main) refers to led.o(i.LED_Init) for LED_Init
    main.o(i.main) refers to uart.o(i.uart_init) for uart_init
    main.o(i.main) refers to beep.o(i.beep_init) for beep_init
    main.o(i.main) refers to dht11.o(i.DHT11_Init) for DHT11_Init
    main.o(i.main) refers to adc3.o(i.ADC3_Init) for ADC3_Init
    main.o(i.main) refers to light_sensor.o(i.Light_Sensor_Init) for Light_Sensor_Init
    main.o(i.main) refers to wkup.o(i.wkup_init) for wkup_init
    main.o(i.main) refers to lcd.o(i.LCD_Init) for LCD_Init
    main.o(i.main) refers to lcd.o(i.LCD_ShowString) for LCD_ShowString
    main.o(i.main) refers to os_core.o(i.OSInit) for OSInit
    main.o(i.main) refers to os_task.o(i.OSTaskCreate) for OSTaskCreate
    main.o(i.main) refers to os_core.o(i.OSStart) for OSStart
    main.o(i.main) refers to lcd.o(.data) for POINT_COLOR
    main.o(i.main) refers to main.o(.bss) for START_TASK_STK
    main.o(i.main) refers to main.o(i.start_task) for start_task
    main.o(i.start_task) refers to os_sem.o(i.OSSemCreate) for OSSemCreate
    main.o(i.start_task) refers to os_core.o(i.OSStatInit) for OSStatInit
    main.o(i.start_task) refers to os_cpu_a.o(.text) for OS_CPU_SR_Save
    main.o(i.start_task) refers to os_task.o(i.OSTaskCreate) for OSTaskCreate
    main.o(i.start_task) refers to main.o(.data) for temp_sem
    main.o(i.start_task) refers to main.o(.bss) for LCD_TASK_STK
    main.o(i.start_task) refers to main.o(i.lcd_display_task) for lcd_display_task
    main.o(i.start_task) refers to main.o(i.temp_police_task) for temp_police_task
    main.o(i.start_task) refers to main.o(i.humi_police_task) for humi_police_task
    main.o(i.start_task) refers to main.o(i.light_police_task) for light_police_task
    main.o(i.temp_police_task) refers to os_sem.o(i.OSSemPend) for OSSemPend
    main.o(i.temp_police_task) refers to beep.o(i.BEEP_ON) for BEEP_ON
    main.o(i.temp_police_task) refers to delay.o(i.delay_ms) for delay_ms
    main.o(i.temp_police_task) refers to beep.o(i.BEEP_OFF) for BEEP_OFF
    main.o(i.temp_police_task) refers to main.o(.data) for temp_sem
    delay.o(i.SysTick_Handler) refers to os_core.o(i.OSIntEnter) for OSIntEnter
    delay.o(i.SysTick_Handler) refers to os_core.o(i.OSTimeTick) for OSTimeTick
    delay.o(i.SysTick_Handler) refers to os_core.o(i.OSIntExit) for OSIntExit
    delay.o(i.SysTick_Handler) refers to os_core.o(.data) for OSRunning
    delay.o(i.delay_init) refers to delay.o(.data) for fac_us
    delay.o(i.delay_ms) refers to os_time.o(i.OSTimeDly) for OSTimeDly
    delay.o(i.delay_ms) refers to delay.o(i.delay_us) for delay_us
    delay.o(i.delay_ms) refers to os_core.o(.data) for OSRunning
    delay.o(i.delay_ms) refers to delay.o(.data) for fac_ms
    delay.o(i.delay_us) refers to os_core.o(i.OSSchedLock) for OSSchedLock
    delay.o(i.delay_us) refers to os_core.o(i.OSSchedUnlock) for OSSchedUnlock
    delay.o(i.delay_us) refers to delay.o(.data) for fac_us
    dht11.o(i.DHT11_CHECK) refers to delay.o(i.delay_us) for delay_us
    dht11.o(i.DHT11_Init) refers to stm32f4xx_hal_gpio.o(i.HAL_GPIO_Init) for HAL_GPIO_Init
    dht11.o(i.DHT11_Init) refers to dht11.o(i.DHT11_RESET) for DHT11_RESET
[...]
    C:\Keil_v5\ARM\PACK\Keil\STM32F4xx_DFP\2.8.0\Drivers\STM32F4xx_HAL_Driver\Src\stm32f4xx_hal_gpio.c 0x00000000   Number         0  stm32f4xx_hal_gpio.o ABSOLUTE
    C:\Keil_v5\ARM\PACK\Keil\STM32F4xx_DFP\2.8.0\Drivers\STM32F4xx_HAL_Driver\Src\stm32f4xx_hal_pwr.c 0x00000000   Number         0  stm32f4xx_hal_pwr.o ABSOLUTE
    C:\Keil_v5\ARM\PACK\Keil\STM32F4xx_DFP\2.8.0\Drivers\STM32F4xx_HAL_Driver\Src\stm32f4xx_hal_pwr_ex.c 0x00000000   Number         0  stm32f4xx_hal_pwr_ex.o ABSOLUTE
    C:\Keil_v5\ARM\PACK\Keil\STM32F4xx_DFP\2.8.0\Drivers\STM32F4xx_HAL_Driver\Src\stm32f4xx_hal_rcc.c 0x00000000   Number         0  stm32f4xx_hal_rcc.o ABSOLUTE
    C:\Keil_v5\ARM\PACK\Keil\STM32F4xx_DFP\2.8.0\Drivers\STM32F4xx_HAL_Driver\Src\stm32f4xx_hal_rcc_ex.c 0x00000000   Number         0  stm32f4xx_hal_rcc_ex.o ABSOLUTE
    C:\Keil_v5\ARM\PACK\Keil\STM32F4xx_DFP\2.8.0\Drivers\STM32F4xx_HAL_Driver\Src\stm32f4xx_hal_rtc.c 0x00000000   Number         0  stm32f4xx_hal_rtc.o ABSOLUTE
    C:\Keil_v5\ARM\PACK\Keil\STM32F4xx_DFP\2.8.0\Drivers\STM32F4xx_HAL_Driver\Src\stm32f4xx_hal_rtc_ex.c 0x00000000   Number         0  stm32f4xx_hal_rtc_ex.o ABSOLUTE
    C:\Keil_v5\ARM\PACK\Keil\STM32F4xx_DFP\2.8.0\Drivers\STM32F4xx_HAL_Driver\Src\stm32f4xx_hal_sram.c 0x00000000   Number         0  stm32f4xx_hal_sram.o ABSOLUTE
    C:\Keil_v5\ARM\PACK\Keil\STM32F4xx_DFP\2.8.0\Drivers\STM32F4xx_HAL_Driver\Src\stm32f4xx_hal_uart.c 0x00000000   Number         0  stm32f4xx_hal_uart.o ABSOLUTE
    C:\Keil_v5\ARM\PACK\Keil\STM32F4xx_DFP\2.8.0\Drivers\STM32F4xx_HAL_Driver\Src\stm32f4xx_ll_fsmc.c 0x00000000   Number         0  stm32f4xx_ll_fsmc.o ABSOLUTE
    C:\\Keil_v5\\ARM\\PACK\\Keil\\STM32F4xx_DFP\\2.8.0\\Drivers\\STM32F4xx_HAL_Driver\\Src\\stm32f4xx_hal.c 0x00000000   Number         0  stm32f4xx_hal.o ABSOLUTE
    C:\\Keil_v5\\ARM\\PACK\\Keil\\STM32F4xx_DFP\\2.8.0\\Drivers\\STM32F4xx_HAL_Driver\\Src\\stm32f4xx_hal_adc.c 0x00000000   Number         0  stm32f4xx_hal_adc.o ABSOLUTE
    C:\\Keil_v5\\ARM\\PACK\\Keil\\STM32F4xx_DFP\\2.8.0\\Drivers\\STM32F4xx_HAL_Driver\\Src\\stm32f4xx_hal_adc_ex.c 0x00000000   Number         0  stm32f4xx_hal_adc_ex.o ABSOLUTE
    C:\\Keil_v5\\ARM\\PACK\\Keil\\STM32F4xx_DFP\\2.8.0\\Drivers\\STM32F4xx_HAL_Driver\\Src\\stm32f4xx_hal_cortex.c 0x00000000   Number         0  stm32f4xx_hal_cortex.o ABSOLUTE
    C:\\Keil_v5\\ARM\\PACK\\Keil\\STM32F4xx_DFP\\2.8.0\\Drivers\\STM32F4xx_HAL_Driver\\Src\\stm32f4xx_hal_dma.c 0x00000000   Number         0  stm32f4xx_hal_dma.o ABSOLUTE
    C:\\Keil_v5\\ARM\\PACK\\Keil\\STM32F4xx_DFP\\2.8.0\\Drivers\\STM32F4xx_HAL_Driver\\Src\\stm32f4xx_hal_dma_ex.c 0x00000000   Number         0  stm32f4xx_hal_dma_ex.o ABSOLUTE
    C:\\Keil_v5\\ARM\\PACK\\Keil\\STM32F4xx_DFP\\2.8.0\\Drivers\\STM32F4xx_HAL_Driver\\Src\\stm32f4xx_hal_gpio.c 0x00000000   Number         0  stm32f4xx_hal_gpio.o ABSOLUTE
    C:\\Keil_v5\\ARM\\PACK\\Keil\\STM32F4xx_DFP\\2.8.0\\Drivers\\STM32F4xx_HAL_Driver\\Src\\stm32f4xx_hal_pwr.c 0x00000000   Number         0  stm32f4xx_hal_pwr.o ABSOLUTE
    C:\\Keil_v5\\ARM\\PACK\\Keil\\STM32F4xx_DFP\\2.8.0\\Drivers\\STM32F4xx_HAL_Driver\\Src\\stm32f4xx_hal_pwr_ex.c 0x00000000   Number         0  stm32f4xx_hal_pwr_ex.o ABSOLUTE
    C:\\Keil_v5\\ARM\\PACK\\Keil\\STM32F4xx_DFP\\2.8.0\\Drivers\\STM32F4xx_HAL_Driver\\Src\\stm32f4xx_hal_rcc.c 0x00000000   Number         0  stm32f4xx_hal_rcc.o ABSOLUTE
    C:\\Keil_v5\\ARM\\PACK\\Keil\\STM32F4xx_DFP\\2.8.0\\Drivers\\STM32F4xx_HAL_Driver\\Src\\stm32f4xx_hal_rcc_ex.c 0x00000000   Number         0  stm32f4xx_hal_rcc_ex.o ABSOLUTE
    C:\\Keil_v5\\ARM\\PACK\\Keil\\STM32F4xx_DFP\\2.8.0\\Drivers\\STM32F4xx_HAL_Driver\\Src\\stm32f4xx_hal_rtc.c 0x00000000   Number         0  stm32f4xx_hal_rtc.o ABSOLUTE
    C:\\Keil_v5\\ARM\\PACK\\Keil\\STM32F4xx_DFP\\2.8.0\\Drivers\\STM32F4xx_HAL_Driver\\Src\\stm32f4xx_hal_rtc_ex.c 0x00000000   Number         0  stm32f4xx_hal_rtc_ex.o ABSOLUTE
    C:\\Keil_v5\\ARM\\PACK\\Keil\\STM32F4xx_DFP\\2.8.0\\Drivers\\STM32F4xx_HAL_Driver\\Src\\stm32f4xx_hal_sram.c 0x00000000   Number         0  stm32f4xx_hal_sram.o ABSOLUTE
    C:\\Keil_v5\\ARM\\PACK\\Keil\\STM32F4xx_DFP\\2.8.0\\Drivers\\STM32F4xx_HAL_Driver\\Src\\stm32f4xx_hal_uart.c 0x00000000   Number         0  stm32f4xx_hal_uart.o ABSOLUTE
    C:\\Keil_v5\\ARM\\PACK\\Keil\\STM32F4xx_DFP\\2.8.0\\Drivers\\STM32F4xx_HAL_Driver\\Src\\stm32f4xx_ll_fsmc.c 0x00000000   Number         0  stm32f4xx_ll_fsmc.o ABSOLUTE
    RTE\Device\STM32F407ZGTx\startup_stm32f407xx.s 0x00000000   Number         0  startup_stm32f407xx.o ABSOLUTE
    RTE\Device\STM32F407ZGTx\system_stm32f4xx.c 0x00000000   Number         0  system_stm32f4xx.o ABSOLUTE
    RTE\\Device\\STM32F407ZGTx\\system_stm32f4xx.c 0x00000000   Number         0  system_stm32f4xx.o ABSOLUTE
    cdrcmple.s                               0x00000000   Number         0  cdrcmple.o ABSOLUTE
    dc.s                                     0x00000000   Number         0  dc.o ABSOLUTE
    handlers.s                               0x00000000   Number         0  handlers.o ABSOLUTE
    init.s                                   0x00000000   Number         0  init.o ABSOLUTE
    RESET                                    0x08000000   Section      392  startup_stm32f407xx.o(RESET)
    .ARM.Collect$$$$00000000                 0x08000188   Section        0  entry.o(.ARM.Collect$$$$00000000)
    .ARM.Collect$$$$00000001                 0x08000188   Section        4  entry2.o(.ARM.Collect$$$$00000001)
    .ARM.Collect$$$$00000004                 0x0800018c   Section        4  entry5.o(.ARM.Collect$$$$00000004)
    .ARM.Collect$$$$00000008                 0x08000190   Section        0  entry7b.o(.ARM.Collect$$$$00000008)
    .ARM.Collect$$$$0000000A                 0x08000190   Section        0  entry8b.o(.ARM.Collect$$$$0000000A)
    .ARM.Collect$$$$0000000B                 0x08000190   Section        8  entry9a.o(.ARM.Collect$$$$0000000B)
    .ARM.Collect$$$$0000000D                 0x08000198   Section        0  entry10a.o(.ARM.Collect$$$$0000000D)
    .ARM.Collect$$$$0000000F                 0x08000198   Section        0  entry11a.o(.ARM.Collect$$$$0000000F)
    .ARM.Collect$$$$00002712                 0x08000198   Section        4  entry2.o(.ARM.Collect$$$$00002712)
    __lit__00000000                          0x08000198   Data           4  entry2.o(.ARM.Collect$$$$00002712)
    .text                                    0x0800019c   Section      220  os_cpu_a.o(.text)
    $v0                                      0x0800019c   Number         0  os_cpu_a.o(.text)
    .text                                    0x08000278   Section       36  startup_stm32f407xx.o(.text)
    $v0                                      0x08000278   Number         0  startup_stm32f407xx.o(.text)
    .text                                    0x0800029c   Section        0  dmul.o(.text)
    .text                                    0x08000380   Section        0  dfltui.o(.text)
    .text                                    0x0800039a   Section        0  dfixui.o(.text)
    .text                                    0x080003cc   Section        0  uidiv.o(.text)
    .text                                    0x080003f8   Section        0  llushr.o(.text)
    .text                                    0x08000418   Section        0  iusefp.o(.text)
    .text                                    0x08000418   Section        0  depilogue.o(.text)
    .text                                    0x080004d4   Section       36  init.o(.text)
    .text                                    0x080004f8   Section        0  llshl.o(.text)
    i.ADC3_Init                              0x08000518   Section        0  adc3.o(i.ADC3_Init)
    i.ADC_Init                               0x0800056c   Section        0  stm32f4xx_hal_adc.o(i.ADC_Init)
    ADC_Init                                 0x0800056d   Thumb Code   362  stm32f4xx_hal_adc.o(i.ADC_Init)
    i.App_TCBInitHook                        0x080006e4   Section        0  app_hooks.o(i.App_TCBInitHook)
    i.App_TaskCreateHook                     0x080006e6   Section        0  app_hooks.o(i.App_TaskCreateHook)
    i.App_TaskDelHook                        0x080006e8   Section        0  app_hooks.o(i.App_TaskDelHook)
    i.App_TaskIdleHook                       0x080006ea   Section        0  app_hooks.o(i.App_TaskIdleHook)
    i.App_TaskReturnHook                     0x080006ec   Section        0  app_hooks.o(i.App_TaskReturnHook)
    i.App_TaskStatHook                       0x080006ee   Section        0  app_hooks.o(i.App_TaskStatHook)
    i.App_TaskSwHook                         0x080006f0   Section        0  app_hooks.o(i.App_TaskSwHook)
    i.App_TimeTickHook                       0x080006f2   Section        0  app_hooks.o(i.App_TimeTickHook)
    i.BEEP_OFF                               0x080006fc   Section        0  beep.o(i.BEEP_OFF)
    i.BEEP_ON                                0x08000710   Section        0  beep.o(i.BEEP_ON)
    i.Check_KEY_UP                           0x08000724   Section        0  wkup.o(i.Check_KEY_UP)
    i.DHT11_CHECK                            0x08000768   Section        0  dht11.o(i.DHT11_CHECK)
    i.DHT11_Init                             0x080007c8   Section        0  dht11.o(i.DHT11_Init)
    i.DHT11_RESET                            0x08000818   Section        0  dht11.o(i.DHT11_RESET)
    i.DHT11_Read_Byte                        0x08000858   Section        0  dht11.o(i.DHT11_Read_Byte)
    i.DHT11_Read_Data                        0x08000876   Section        0  dht11.o(i.DHT11_Read_Data)
    i.DHT11_Read_bit                         0x080008d0   Section        0  dht11.o(i.DHT11_Read_bit)
    i.EXTI0_IRQHandler                       0x0800091c   Section        0  wkup.o(i.EXTI0_IRQHandler)
    i.EXTI_Init                              0x08000934   Section        0  stm32f4xx_exti.o(i.EXTI_Init)
    i.FSMC_NORSRAM_Init                      0x080009c8   Section        0  stm32f4xx_ll_fsmc.o(i.FSMC_NORSRAM_Init)
    i.FSMC_NORSRAM_Timing_Init               0x08000a24   Section        0  stm32f4xx_ll_fsmc.o(i.FSMC_NORSRAM_Timing_Init)
    i.GPIO_PinAFConfig                       0x08000a68   Section        0  lcd.o(i.GPIO_PinAFConfig)
    i.HAL_ADC_ConfigChannel                  0x08000ab0   Section        0  stm32f4xx_hal_adc.o(i.HAL_ADC_ConfigChannel)
    i.HAL_ADC_GetValue                       0x08000c44   Section        0  stm32f4xx_hal_adc.o(i.HAL_ADC_GetValue)
    i.HAL_ADC_Init                           0x08000c4c   Section        0  stm32f4xx_hal_adc.o(i.HAL_ADC_Init)
    i.HAL_ADC_MspInit                        0x08000c9c   Section        0  stm32f4xx_hal_adc.o(i.HAL_ADC_MspInit)
    i.HAL_ADC_Start                          0x08000ca0   Section        0  stm32f4xx_hal_adc.o(i.HAL_ADC_Start)
    i.HAL_ADC_Stop                           0x08000d68   Section        0  stm32f4xx_hal_adc.o(i.HAL_ADC_Stop)
    i.HAL_GPIO_EXTI_Callback                 0x08000d80   Section        0  stm32f4xx_hal_gpio.o(i.HAL_GPIO_EXTI_Callback)
    i.HAL_GPIO_EXTI_IRQHandler               0x08000d8c   Section        0  stm32f4xx_hal_gpio.o(i.HAL_GPIO_EXTI_IRQHandler)
    i.HAL_GPIO_Init                          0x08000da8   Section        0  stm32f4xx_hal_gpio.o(i.HAL_GPIO_Init)
    i.HAL_GPIO_WritePin                      0x08000fb4   Section        0  stm32f4xx_hal_gpio.o(i.HAL_GPIO_WritePin)
    i.HAL_GetTick                            0x08000fc0   Section        0  stm32f4xx_hal.o(i.HAL_GetTick)
    i.HAL_IncTick                            0x08000fcc   Section        0  stm32f4xx_hal.o(i.HAL_IncTick)
    i.HAL_NVIC_EnableIRQ                     0x08000fdc   Section        0  stm32f4xx_hal_cortex.o(i.HAL_NVIC_EnableIRQ)
    i.HAL_NVIC_SetPriority                   0x08000ff6   Section        0  stm32f4xx_hal_cortex.o(i.HAL_NVIC_SetPriority)
    i.HAL_PWR_EnableBkUpAccess               0x08001074   Section        0  stm32f4xx_hal_pwr.o(i.HAL_PWR_EnableBkUpAccess)
    i.HAL_PWR_EnableWakeUpPin                0x0800108c   Section        0  stm32f4xx_hal_pwr.o(i.HAL_PWR_EnableWakeUpPin)
    i.HAL_PWR_EnterSTANDBYMode               0x0800109c   Section        0  stm32f4xx_hal_pwr.o(i.HAL_PWR_EnterSTANDBYMode)
    i.HAL_RCC_GetHCLKFreq                    0x080010c4   Section        0  stm32f4xx_hal_rcc.o(i.HAL_RCC_GetHCLKFreq)
    i.HAL_RCC_GetPCLK1Freq                   0x080010fc   Section        0  stm32f4xx_hal_rcc.o(i.HAL_RCC_GetPCLK1Freq)
    i.HAL_RCC_GetPCLK2Freq                   0x08001128   Section        0  stm32f4xx_hal_rcc.o(i.HAL_RCC_GetPCLK2Freq)
    i.HAL_RCC_GetSysClockFreq                0x08001154   Section        0  stm32f4xx_hal_rcc.o(i.HAL_RCC_GetSysClockFreq)
    i.HAL_UART_Init                          0x08001208   Section        0  stm32f4xx_hal_uart.o(i.HAL_UART_Init)
    i.HAL_UART_MspInit                       0x08001278   Section        0  uart.o(i.HAL_UART_MspInit)
    i.HAL_UART_Transmit                      0x080012ec   Section        0  stm32f4xx_hal_uart.o(i.HAL_UART_Transmit)
    i.LCD_Clear                              0x080013dc   Section        0  lcd.o(i.LCD_Clear)
    i.LCD_Display_Dir                        0x08001448   Section        0  lcd.o(i.LCD_Display_Dir)
    i.LCD_Fast_DrawPoint                     0x08001608   Section        0  lcd.o(i.LCD_Fast_DrawPoint)
    i.LCD_Init                               0x08001788   Section        0  lcd.o(i.LCD_Init)
    i.LCD_Pow                                0x0800515c   Section        0  lcd.o(i.LCD_Pow)
    i.LCD_RD_DATA                            0x08005174   Section        0  lcd.o(i.LCD_RD_DATA)
    i.LCD_ReadReg                            0x08005188   Section        0  lcd.o(i.LCD_ReadReg)
    i.LCD_SSD_BackLightSet                   0x080051a0   Section        0  lcd.o(i.LCD_SSD_BackLightSet)
    i.LCD_Scan_Dir                           0x08005200   Section        0  lcd.o(i.LCD_Scan_Dir)
    i.LCD_SetCursor                          0x080054ec   Section        0  lcd.o(i.LCD_SetCursor)
    i.LCD_ShowChar                           0x08005694   Section        0  lcd.o(i.LCD_ShowChar)
    i.LCD_ShowNum                            0x080057bc   Section        0  lcd.o(i.LCD_ShowNum)
    i.LCD_ShowString                         0x08005850   Section        0  lcd.o(i.LCD_ShowString)
    i.LCD_WR_DATA                            0x080058b8   Section        0  lcd.o(i.LCD_WR_DATA)
    i.LCD_WR_REG                             0x080058d0   Section        0  lcd.o(i.LCD_WR_REG)
    i.LCD_WriteRAM_Prepare                   0x080058e8   Section        0  lcd.o(i.LCD_WriteRAM_Prepare)
    i.LCD_WriteReg                           0x080058fc   Section        0  lcd.o(i.LCD_WriteReg)
    i.LED_Init                               0x08005910   Section        0  led.o(i.LED_Init)
    i.LED_OFF                                0x08005968   Section        0  led.o(i.LED_OFF)
    i.LED_ON                                 0x0800597c   Section        0  led.o(i.LED_ON)
    i.Light_Sensor_Get                       0x08005990   Section        0  light_sensor.o(i.Light_Sensor_Get)
    i.Light_Sensor_Init                      0x080059cc   Section        0  light_sensor.o(i.Light_Sensor_Init)
    i.NVIC_GetPriorityGrouping               0x08005a14   Section        0  stm32f4xx_hal_cortex.o(i.NVIC_GetPriorityGrouping)
    NVIC_GetPriorityGrouping                 0x08005a15   Thumb Code    10  stm32f4xx_hal_cortex.o(i.NVIC_GetPriorityGrouping)
    i.NVIC_SetPriority                       0x08005a24   Section        0  stm32f4xx_hal_cortex.o(i.NVIC_SetPriority)
    NVIC_SetPriority                         0x08005a25   Thumb Code    32  stm32f4xx_hal_cortex.o(i.NVIC_SetPriority)
    i.OSDebugInit                            0x08005a4c   Section        0  os_dbg.o(i.OSDebugInit)
    i.OSInit                                 0x08005b64   Section        0  os_core.o(i.OSInit)
    i.OSInitHookBegin                        0x08005b94   Section        0  os_cpu_c.o(i.OSInitHookBegin)
    i.OSInitHookEnd                          0x08005bc4   Section        0  os_cpu_c.o(i.OSInitHookEnd)
    i.OSIntExit                              0x08005bc8   Section        0  os_core.o(i.OSIntExit)
    i.OSSchedLock                            0x08005c58   Section        0  os_core.o(i.OSSchedLock)
    i.OSSchedUnlock                          0x08005c98   Section        0  os_core.o(i.OSSchedUnlock)
    i.OSSemCreate                            0x08005cf8   Section        0  os_sem.o(i.OSSemCreate)
    i.OSSemPend                              0x08005d4c   Section        0  os_sem.o(i.OSSemPend)
    i.OSSemPost                              0x08005e3c   Section        0  os_sem.o(i.OSSemPost)
    i.OSStart                                0x08005e94   Section        0  os_core.o(i.OSStart)
    i.OSStatInit                             0x08005edc   Section        0  os_core.o(i.OSStatInit)
    i.OSTCBInitHook                          0x08005f28   Section        0  os_cpu_c.o(i.OSTCBInitHook)
    i.OSTaskCreate                           0x08005f34   Section        0  os_task.o(i.OSTaskCreate)
    i.OSTaskCreateExt                        0x08005fd4   Section        0  os_task.o(i.OSTaskCreateExt)
    i.OSTaskCreateHook                       0x0800608c   Section        0  os_cpu_c.o(i.OSTaskCreateHook)
    i.OSTaskDel                              0x08006098   Section        0  os_task.o(i.OSTaskDel)
    i.OSTaskDelHook                          0x080061f8   Section        0  os_cpu_c.o(i.OSTaskDelHook)
    i.OSTaskIdleHook                         0x08006204   Section        0  os_cpu_c.o(i.OSTaskIdleHook)
    i.OSTaskNameSet                          0x0800620c   Section        0  os_task.o(i.OSTaskNameSet)
    i.OSTaskReturnHook                       0x0800627c   Section        0  os_cpu_c.o(i.OSTaskReturnHook)
    i.OSTaskStatHook                         0x08006288   Section        0  os_cpu_c.o(i.OSTaskStatHook)
    i.OSTaskStkChk                           0x08006290   Section        0  os_task.o(i.OSTaskStkChk)
    i.OSTaskStkInit                          0x08006318   Section        0  os_cpu_c.o(i.OSTaskStkInit)
    i.OSTaskSuspend                          0x08006540   Section        0  os_task.o(i.OSTaskSuspend)
    i.OSTaskSwHook                           0x080065e8   Section        0  os_cpu_c.o(i.OSTaskSwHook)
    i.OSTimeDly                              0x080065f0   Section        0  os_time.o(i.OSTimeDly)
    i.OSTimeTick                             0x08006668   Section        0  os_core.o(i.OSTimeTick)
    i.OSTimeTickHook                         0x08006754   Section        0  os_cpu_c.o(i.OSTimeTickHook)
    i.OS_CPU_SysTickHandler                  0x0800675c   Section        0  os_cpu_c.o(i.OS_CPU_SysTickHandler)
    i.OS_Dummy                               0x08006784   Section        0  os_core.o(i.OS_Dummy)
    i.OS_EventTaskRdy                        0x08006788   Section        0  os_core.o(i.OS_EventTaskRdy)
    i.OS_EventTaskRemove                     0x08006818   Section        0  os_core.o(i.OS_EventTaskRemove)
    i.OS_EventTaskRemoveMulti                0x08006846   Section        0  os_core.o(i.OS_EventTaskRemoveMulti)
    i.OS_EventTaskWait                       0x08006880   Section        0  os_core.o(i.OS_EventTaskWait)
    i.OS_EventWaitListInit                   0x080068fc   Section        0  os_core.o(i.OS_EventWaitListInit)
    i.OS_FlagInit                            0x08006918   Section        0  os_flag.o(i.OS_FlagInit)
    i.OS_FlagUnlink                          0x08006970   Section        0  os_flag.o(i.OS_FlagUnlink)
    i.OS_InitEventList                       0x08006994   Section        0  os_core.o(i.OS_InitEventList)
    OS_InitEventList                         0x08006995   Thumb Code    84  os_core.o(i.OS_InitEventList)
    i.OS_InitMisc                            0x080069f4   Section        0  os_core.o(i.OS_InitMisc)
    OS_InitMisc                              0x080069f5   Thumb Code    48  os_core.o(i.OS_InitMisc)
    i.OS_InitRdyList                         0x08006a50   Section        0  os_core.o(i.OS_InitRdyList)
    OS_InitRdyList                           0x08006a51   Thumb Code    44  os_core.o(i.OS_InitRdyList)
    i.OS_InitTCBList                         0x08006a94   Section        0  os_core.o(i.OS_InitTCBList)
    OS_InitTCBList                           0x08006a95   Thumb Code   106  os_core.o(i.OS_InitTCBList)
    i.OS_InitTaskIdle                        0x08006b14   Section        0  os_core.o(i.OS_InitTaskIdle)
    OS_InitTaskIdle                          0x08006b15   Thumb Code    50  os_core.o(i.OS_InitTaskIdle)
    i.OS_InitTaskStat                        0x08006b64   Section        0  os_core.o(i.OS_InitTaskStat)
    OS_InitTaskStat                          0x08006b65   Thumb Code    50  os_core.o(i.OS_InitTaskStat)
    i.OS_MemClr                              0x08006bb4   Section        0  os_core.o(i.OS_MemClr)
    i.OS_QInit                               0x08006bc8   Section        0  os_q.o(i.OS_QInit)
    i.OS_Sched                               0x08006c18   Section        0  os_core.o(i.OS_Sched)
    i.OS_SchedNew                            0x08006c8c   Section        0  os_core.o(i.OS_SchedNew)
    OS_SchedNew                              0x08006c8d   Thumb Code    26  os_core.o(i.OS_SchedNew)
    i.OS_TCBInit                             0x08006cb8   Section        0  os_core.o(i.OS_TCBInit)
    i.OS_TaskIdle                            0x08006df8   Section        0  os_core.o(i.OS_TaskIdle)
    i.OS_TaskReturn                          0x08006e20   Section        0  os_task.o(i.OS_TaskReturn)
    i.OS_TaskStat                            0x08006e38   Section        0  os_core.o(i.OS_TaskStat)
    i.OS_TaskStatStkChk                      0x08006ed8   Section        0  os_core.o(i.OS_TaskStatStkChk)
    i.OS_TaskStkClr                          0x08006f14   Section        0  os_task.o(i.OS_TaskStkClr)
    i.Sys_Enter_Standby                      0x08006f30   Section        0  wkup.o(i.Sys_Enter_Standby)
    i.SystemInit                             0x08006fcc   Section        0  system_stm32f4xx.o(i.SystemInit)
    i.UART_SetConfig                         0x08007030   Section        0  stm32f4xx_hal_uart.o(i.UART_SetConfig)
    UART_SetConfig                           0x08007031   Thumb Code   538  stm32f4xx_hal_uart.o(i.UART_SetConfig)
    i.UART_WaitOnFlagUntilTimeout            0x08007254   Section        0  stm32f4xx_hal_uart.o(i.UART_WaitOnFlagUntilTimeout)
    UART_WaitOnFlagUntilTimeout              0x08007255   Thumb Code   250  stm32f4xx_hal_uart.o(i.UART_WaitOnFlagUntilTimeout)
    i.__0printf$1                            0x08007350   Section        0  printf1.o(i.__0printf$1)
    i.__scatterload_copy                     0x08007370   Section       14  handlers.o(i.__scatterload_copy)
    i.__scatterload_null                     0x0800737e   Section        2  handlers.o(i.__scatterload_null)
    i.__scatterload_zeroinit                 0x08007380   Section       14  handlers.o(i.__scatterload_zeroinit)
    i._printf_core                           0x08007390   Section        0  printf1.o(i._printf_core)
    _printf_core                             0x08007391   Thumb Code   336  printf1.o(i._printf_core)
    i.adc3_read                              0x080074e4   Section        0  adc3.o(i.adc3_read)
    i.beep_init                              0x0800751c   Section        0  beep.o(i.beep_init)
    i.delay_init                             0x08007570   Section        0  delay.o(i.delay_init)
    i.delay_ms                               0x080075cc   Section        0  delay.o(i.delay_ms)
    i.delay_us                               0x0800761c   Section        0  delay.o(i.delay_us)
    i.fputc                                  0x08007674   Section        0  uart.o(i.fputc)
    i.humi_police_task                       0x08007694   Section        0  main.o(i.humi_police_task)
    i.lcd_display_task                       0x080076c4   Section        0  main.o(i.lcd_display_task)
    i.light_police_task                      0x08007814   Section        0  main.o(i.light_police_task)
    i.main                                   0x08007844   Section        0  main.o(i.main)
    i.start_task                             0x0800792c   Section        0  main.o(i.start_task)
    i.temp_police_task                       0x080079c0   Section        0  main.o(i.temp_police_task)
    i.uart_init                              0x080079f0   Section        0  uart.o(i.uart_init)
    i.wkup_init                              0x08007a2c   Section        0  wkup.o(i.wkup_init)
    .constdata                               0x08007b00   Section     6080  lcd.o(.constdata)
    .constdata                               0x080092c0   Section      116  os_dbg.o(.constdata)
    .constdata                               0x08009334   Section      256  os_core.o(.constdata)
    .constdata                               0x08009434   Section       16  stm32f4xx_hal_rcc.o(.constdata)
    .data                                    0x20000000   Section       15  main.o(.data)
    .data                                    0x20000010   Section        4  delay.o(.data)
    fac_us                                   0x20000010   Data           1  delay.o(.data)
    fac_ms                                   0x20000012   Data           2  delay.o(.data)
    .data                                    0x20000014   Section        4  lcd.o(.data)
    .data                                    0x20000018   Section        4  os_cpu_c.o(.data)
    .data                                    0x2000001c   Section       76  os_core.o(.data)
    .data                                    0x20000068   Section        4  stm32f4xx_hal.o(.data)
    uwTick                                   0x20000068   Data           4  stm32f4xx_hal.o(.data)
    .data                                    0x2000006c   Section        4  system_stm32f4xx.o(.data)
    .data                                    0x20000070   Section        4  stdout.o(.data)
    .bss                                     0x20000074   Section     1280  main.o(.bss)
    .bss                                     0x20000574   Section       64  uart.o(.bss)
    .bss                                     0x200005b4   Section       68  adc3.o(.bss)
    .bss                                     0x200005f8   Section       14  lcd.o(.bss)
    .bss                                     0x20000608   Section      512  os_cpu_c.o(.bss)
    .bss                                     0x20000808   Section     3872  os_core.o(.bss)
    STACK                                    0x20001728   Section     1024  startup_stm32f407xx.o(STACK)

    Global Symbols

    Symbol Name                              Value     Ov Type        Size  Object(Section)

    BuildAttributes$$THM_ISAv4$E$P$D$K$B$S$7EM$VFPi3$EXTD16$VFPS$VFMA$PE$A:L22UL41UL21$X:L11$S22US41US21$IEEE1$IW$USESV6$~STKCKD$USESV7$~SHL$OSPACE$ROPI$EBA8$MICROLIB$REQ8$PRES8$EABIv2 0x00000000   Number         0  anon$$obj.o ABSOLUTE
    __ARM_use_no_argv                        0x00000000   Number         0  main.o ABSOLUTE
    _printf_a                                0x00000000   Number         0  stubs.o ABSOLUTE
    _printf_c                                0x00000000   Number         0  stubs.o ABSOLUTE
    _printf_charcount                        0x00000000   Number         0  stubs.o ABSOLUTE
    _printf_d                                0x00000000   Number         0  stubs.o ABSOLUTE
    _printf_e                                0x00000000   Number         0  stubs.o ABSOLUTE
    _printf_f                                0x00000000   Number         0  stubs.o ABSOLUTE
    _printf_flags                            0x00000000   Number         0  stubs.o ABSOLUTE
    _printf_fp_dec                           0x00000000   Number         0  stubs.o ABSOLUTE
    _printf_fp_hex                           0x00000000   Number         0  stubs.o ABSOLUTE
    _printf_g                                0x00000000   Number         0  stubs.o ABSOLUTE
    _printf_i                                0x00000000   Number         0  stubs.o ABSOLUTE
    _printf_int_dec                          0x00000000   Number         0  stubs.o ABSOLUTE
    _printf_l                                0x00000000   Number         0  stubs.o ABSOLUTE
    _printf_lc                               0x00000000   Number         0  stubs.o ABSOLUTE
    _printf_ll                               0x00000000   Number         0  stubs.o ABSOLUTE
    _printf_lld                              0x00000000   Number         0  stubs.o ABSOLUTE
    _printf_lli                              0x00000000   Number         0  stubs.o ABSOLUTE
    _printf_llo                              0x00000000   Number         0  stubs.o ABSOLUTE
    _printf_llu                              0x00000000   Number         0  stubs.o ABSOLUTE
    _printf_llx                              0x00000000   Number         0  stubs.o ABSOLUTE
    _printf_longlong_dec                     0x00000000   Number         0  stubs.o ABSOLUTE
    _printf_longlong_hex                     0x00000000   Number         0  stubs.o ABSOLUTE
    _printf_longlong_oct                     0x00000000   Number         0  stubs.o ABSOLUTE
    _printf_ls                               0x00000000   Number         0  stubs.o ABSOLUTE
    _printf_mbtowc                           0x00000000   Number         0  stubs.o ABSOLUTE
    _printf_n                                0x00000000   Number         0  stubs.o ABSOLUTE
    _printf_o                                0x00000000   Number         0  stubs.o ABSOLUTE
    _printf_p                                0x00000000   Number         0  stubs.o ABSOLUTE
    _printf_percent                          0x00000000   Number         0  stubs.o ABSOLUTE
    _printf_pre_padding                      0x00000000   Number         0  stubs.o ABSOLUTE
    _printf_return_value                     0x00000000   Number         0  stubs.o ABSOLUTE
    _printf_s                                0x00000000   Number         0  stubs.o ABSOLUTE
    _printf_sizespec                         0x00000000   Number         0  stubs.o ABSOLUTE
    _printf_str                              0x00000000   Number         0  stubs.o ABSOLUTE
    _printf_truncate_signed                  0x00000000   Number         0  stubs.o ABSOLUTE
    _printf_truncate_unsigned                0x00000000   Number         0  stubs.o ABSOLUTE
    _printf_u                                0x00000000   Number         0  stubs.o ABSOLUTE
    _printf_wc                               0x00000000   Number         0  stubs.o ABSOLUTE
    _printf_wctomb                           0x00000000   Number         0  stubs.o ABSOLUTE
    _printf_widthprec                        0x00000000   Number         0  stubs.o ABSOLUTE
    _printf_x                                0x00000000   Number         0  stubs.o ABSOLUTE
    __cpp_initialize__aeabi_                  - Undefined Weak Reference
    __cxa_finalize                            - Undefined Weak Reference
    __decompress                              - Undefined Weak Reference
    _clock_init                               - Undefined Weak Reference
    _microlib_exit                            - Undefined Weak Reference
    __Vectors_Size                           0x00000188   Number         0  startup_stm32f407xx.o ABSOLUTE
    __Vectors                                0x08000000   Data           4  startup_stm32f407xx.o(RESET)
    __Vectors_End                            0x08000188   Data           0  startup_stm32f407xx.o(RESET)
    __main                                   0x08000189   Thumb Code     0  entry.o(.ARM.Collect$$$$00000000)
    _main_stk                                0x08000189   Thumb Code     0  entry2.o(.ARM.Collect$$$$00000001)
    _main_scatterload                        0x0800018d   Thumb Code     0  entry5.o(.ARM.Collect$$$$00000004)
    __main_after_scatterload                 0x08000191   Thumb Code     0  entry5.o(.ARM.Collect$$$$00000004)
    _main_clock                              0x08000191   Thumb Code     0  entry7b.o(.ARM.Collect$$$$00000008)
    _main_cpp_init                           0x08000191   Thumb Code     0  entry8b.o(.ARM.Collect$$$$0000000A)
    _main_init                               0x08000191   Thumb Code     0  entry9a.o(.ARM.Collect$$$$0000000B)
    __rt_final_cpp                           0x08000199   Thumb Code     0  entry10a.o(.ARM.Collect$$$$0000000D)
    __rt_final_exit                          0x08000199   Thumb Code     0  entry11a.o(.ARM.Collect$$$$0000000F)
    OS_CPU_FP_Reg_Push                       0x0800019d   Thumb Code     0  os_cpu_a.o(.text)
    OS_CPU_FP_Reg_Pop                        0x080001b7   Thumb Code     0  os_cpu_a.o(.text)
    OS_CPU_SR_Save                           0x080001c9   Thumb Code     0  os_cpu_a.o(.text)
    OS_CPU_SR_Restore                        0x080001d1   Thumb Code     0  os_cpu_a.o(.text)
    OSStartHighRdy                           0x080001d7   Thumb Code     0  os_cpu_a.o(.text)
    OSCtxSw                                  0x080001ff   Thumb Code     0  os_cpu_a.o(.text)
    OSIntCtxSw                               0x08000209   Thumb Code     0  os_cpu_a.o(.text)
    OS_CPU_PendSVHandler                     0x08000213   Thumb Code     0  os_cpu_a.o(.text)
    Reset_Handler                            0x08000279   Thumb Code     8  startup_stm32f407xx.o(.text)
    NMI_Handler                              0x08000281   Thumb Code     2  startup_stm32f407xx.o(.text)
    HardFault_Handler                        0x08000283   Thumb Code     2  startup_stm32f407xx.o(.text)
    MemManage_Handler                        0x08000285   Thumb Code     2  startup_stm32f407xx.o(.text)
    BusFault_Handler                         0x08000287   Thumb Code     2  startup_stm32f407xx.o(.text)
    UsageFault_Handler                       0x08000289   Thumb Code     2  startup_stm32f407xx.o(.text)
    SVC_Handler                              0x0800028b   Thumb Code     2  startup_stm32f407xx.o(.text)
    DebugMon_Handler                         0x0800028d   Thumb Code     2  startup_stm32f407xx.o(.text)
    ADC_IRQHandler                           0x08000293   Thumb Code     0  startup_stm32f407xx.o(.text)
    CAN1_RX0_IRQHandler                      0x08000293   Thumb Code     0  startup_stm32f407xx.o(.text)
    CAN1_RX1_IRQHandler                      0x08000293   Thumb Code     0  startup_stm32f407xx.o(.text)
    CAN1_SCE_IRQHandler                      0x08000293   Thumb Code     0  startup_stm32f407xx.o(.text)
    CAN1_TX_IRQHandler                       0x08000293   Thumb Code     0  startup_stm32f407xx.o(.text)
    CAN2_RX0_IRQHandler                      0x08000293   Thumb Code     0  startup_stm32f407xx.o(.text)
    CAN2_RX1_IRQHandler                      0x08000293   Thumb Code     0  startup_stm32f407xx.o(.text)
    CAN2_SCE_IRQHandler                      0x08000293   Thumb Code     0  startup_stm32f407xx.o(.text)
    CAN2_TX_IRQHandler                       0x08000293   Thumb Code     0  startup_stm32f407xx.o(.text)
    DCMI_IRQHandler                          0x08000293   Thumb Code     0  startup_stm32f407xx.o(.text)
    DMA1_Stream0_IRQHandler                  0x08000293   Thumb Code     0  startup_stm32f407xx.o(.text)
    DMA1_Stream1_IRQHandler                  0x08000293   Thumb Code     0  startup_stm32f407xx.o(.text)
    DMA1_Stream2_IRQHandler                  0x08000293   Thumb Code     0  startup_stm32f407xx.o(.text)
    DMA1_Stream3_IRQHandler                  0x08000293   Thumb Code     0  startup_stm32f407xx.o(.text)
    DMA1_Stream4_IRQHandler                  0x08000293   Thumb Code     0  startup_stm32f407xx.o(.text)
    DMA1_Stream5_IRQHandler                  0x08000293   Thumb Code     0  startup_stm32f407xx.o(.text)
    DMA1_Stream6_IRQHandler                  0x08000293   Thumb Code     0  startup_stm32f407xx.o(.text)
    DMA1_Stream7_IRQHandler                  0x08000293   Thumb Code     0  startup_stm32f407xx.o(.text)
    DMA2_Stream0_IRQHandler                  0x08000293   Thumb Code     0  startup_stm32f407xx.o(.text)
    DMA2_Stream1_IRQHandler                  0x08000293   Thumb Code     0  startup_stm32f407xx.o(.text)
    DMA2_Stream2_IRQHandler                  0x08000293   Thumb Code     0  startup_stm32f407xx.o(.text)
    DMA2_Stream3_IRQHandler                  0x08000293   Thumb Code     0  startup_stm32f407xx.o(.text)
    DMA2_Stream4_IRQHandler                  0x08000293   Thumb Code     0  startup_stm32f407xx.o(.text)
    DMA2_Stream5_IRQHandler                  0x08000293   Thumb Code     0  startup_stm32f407xx.o(.text)
    DMA2_Stream6_IRQHandler                  0x08000293   Thumb Code     0  startup_stm32f407xx.o(.text)
    DMA2_Stream7_IRQHandler                  0x08000293   Thumb Code     0  startup_stm32f407xx.o(.text)
    ETH_IRQHandler                           0x08000293   Thumb Code     0  startup_stm32f407xx.o(.text)
    ETH_WKUP_IRQHandler                      0x08000293   Thumb Code     0  startup_stm32f407xx.o(.text)
    EXTI15_10_IRQHandler                     0x08000293   Thumb Code     0  startup_stm32f407xx.o(.text)
    EXTI1_IRQHandler                         0x08000293   Thumb Code     0  startup_stm32f407xx.o(.text)
    EXTI2_IRQHandler                         0x08000293   Thumb Code     0  startup_stm32f407xx.o(.text)
    EXTI3_IRQHandler                         0x08000293   Thumb Code     0  startup_stm32f407xx.o(.text)
    EXTI4_IRQHandler                         0x08000293   Thumb Code     0  startup_stm32f407xx.o(.text)
    EXTI9_5_IRQHandler                       0x08000293   Thumb Code     0  startup_stm32f407xx.o(.text)
    FLASH_IRQHandler                         0x08000293   Thumb Code     0  startup_stm32f407xx.o(.text)
    FMC_IRQHandler                           0x08000293   Thumb Code     0  startup_stm32f407xx.o(.text)
    FPU_IRQHandler                           0x08000293   Thumb Code     0  startup_stm32f407xx.o(.text)
    HASH_RNG_IRQHandler                      0x08000293   Thumb Code     0  startup_stm32f407xx.o(.text)
    I2C1_ER_IRQHandler                       0x08000293   Thumb Code     0  startup_stm32f407xx.o(.text)
    I2C1_EV_IRQHandler                       0x08000293   Thumb Code     0  startup_stm32f407xx.o(.text)
    I2C2_ER_IRQHandler                       0x08000293   Thumb Code     0  startup_stm32f407xx.o(.text)
    I2C2_EV_IRQHandler                       0x08000293   Thumb Code     0  startup_stm32f407xx.o(.text)
    I2C3_ER_IRQHandler                       0x08000293   Thumb Code     0  startup_stm32f407xx.o(.text)
    I2C3_EV_IRQHandler                       0x08000293   Thumb Code     0  startup_stm32f407xx.o(.text)
    OTG_FS_IRQHandler                        0x08000293   Thumb Code     0  startup_stm32f407xx.o(.text)
    OTG_FS_WKUP_IRQHandler                   0x08000293   Thumb Code     0  startup_stm32f407xx.o(.text)
    OTG_HS_EP1_IN_IRQHandler                 0x08000293   Thumb Code     0  startup_stm32f407xx.o(.text)
    OTG_HS_EP1_OUT_IRQHandler                0x08000293   Thumb Code     0  startup_stm32f407xx.o(.text)
    OTG_HS_IRQHandler                        0x08000293   Thumb Code     0  startup_stm32f407xx.o(.text)
    OTG_HS_WKUP_IRQHandler                   0x08000293   Thumb Code     0  startup_stm32f407xx.o(.text)
    PVD_IRQHandler                           0x08000293   Thumb Code     0  startup_stm32f407xx.o(.text)
    RCC_IRQHandler                           0x08000293   Thumb Code     0  startup_stm32f407xx.o(.text)
    RTC_Alarm_IRQHandler                     0x08000293   Thumb Code     0  startup_stm32f407xx.o(.text)
    RTC_WKUP_IRQHandler                      0x08000293   Thumb Code     0  startup_stm32f407xx.o(.text)
    SDIO_IRQHandler                          0x08000293   Thumb Code     0  startup_stm32f407xx.o(.text)
    SPI1_IRQHandler                          0x08000293   Thumb Code     0  startup_stm32f407xx.o(.text)
    SPI2_IRQHandler                          0x08000293   Thumb Code     0  startup_stm32f407xx.o(.text)
    SPI3_IRQHandler                          0x08000293   Thumb Code     0  startup_stm32f407xx.o(.text)
    TAMP_STAMP_IRQHandler                    0x08000293   Thumb Code     0  startup_stm32f407xx.o(.text)
    TIM1_BRK_TIM9_IRQHandler                 0x08000293   Thumb Code     0  startup_stm32f407xx.o(.text)
    TIM1_CC_IRQHandler                       0x08000293   Thumb Code     0  startup_stm32f407xx.o(.text)
    TIM1_TRG_COM_TIM11_IRQHandler            0x08000293   Thumb Code     0  startup_stm32f407xx.o(.text)
    TIM1_UP_TIM10_IRQHandler                 0x08000293   Thumb Code     0  startup_stm32f407xx.o(.text)
    TIM2_IRQHandler                          0x08000293   Thumb Code     0  startup_stm32f407xx.o(.text)
    TIM3_IRQHandler                          0x08000293   Thumb Code     0  startup_stm32f407xx.o(.text)
    TIM4_IRQHandler                          0x08000293   Thumb Code     0  startup_stm32f407xx.o(.text)
    TIM5_IRQHandler                          0x08000293   Thumb Code     0  startup_stm32f407xx.o(.text)
    TIM6_DAC_IRQHandler                      0x08000293   Thumb Code     0  startup_stm32f407xx.o(.text)
    TIM7_IRQHandler                          0x08000293   Thumb Code     0  startup_stm32f407xx.o(.text)
    TIM8_BRK_TIM12_IRQHandler                0x08000293   Thumb Code     0  startup_stm32f407xx.o(.text)
    TIM8_CC_IRQHandler                       0x08000293   Thumb Code     0  startup_stm32f407xx.o(.text)
    TIM8_TRG_COM_TIM14_IRQHandler            0x08000293   Thumb Code     0  startup_stm32f407xx.o(.text)
    TIM8_UP_TIM13_IRQHandler                 0x08000293   Thumb Code     0  startup_stm32f407xx.o(.text)
    UART4_IRQHandler                         0x08000293   Thumb Code     0  startup_stm32f407xx.o(.text)
    UART5_IRQHandler                         0x08000293   Thumb Code     0  startup_stm32f407xx.o(.text)
    USART1_IRQHandler                        0x08000293   Thumb Code     0  startup_stm32f407xx.o(.text)
    USART2_IRQHandler                        0x08000293   Thumb Code     0  startup_stm32f407xx.o(.text)
    USART3_IRQHandler                        0x08000293   Thumb Code     0  startup_stm32f407xx.o(.text)
    USART6_IRQHandler                        0x08000293   Thumb Code     0  startup_stm32f407xx.o(.text)
    WWDG_IRQHandler                          0x08000293   Thumb Code     0  startup_stm32f407xx.o(.text)
    __aeabi_dmul                             0x0800029d   Thumb Code   228  dmul.o(.text)
    __aeabi_ui2d                             0x08000381   Thumb Code    26  dfltui.o(.text)
    __aeabi_d2uiz                            0x0800039b   Thumb Code    50  dfixui.o(.text)
    __aeabi_uidiv                            0x080003cd   Thumb Code     0  uidiv.o(.text)
    __aeabi_uidivmod                         0x080003cd   Thumb Code    44  uidiv.o(.text)
    __aeabi_llsr                             0x080003f9   Thumb Code    32  llushr.o(.text)
    _ll_ushift_r                             0x080003f9   Thumb Code     0  llushr.o(.text)
    __I$use$fp                               0x08000419   Thumb Code     0  iusefp.o(.text)
    _double_round                            0x08000419   Thumb Code    30  depilogue.o(.text)
    _double_epilogue                         0x08000437   Thumb Code   156  depilogue.o(.text)
    __scatterload                            0x080004d5   Thumb Code    28  init.o(.text)
    __scatterload_rt2                        0x080004d5   Thumb Code     0  init.o(.text)
    __aeabi_llsl                             0x080004f9   Thumb Code    30  llshl.o(.text)
    _ll_shift_l                              0x080004f9   Thumb Code     0  llshl.o(.text)
    ADC3_Init                                0x08000519   Thumb Code    72  adc3.o(i.ADC3_Init)
    App_TCBInitHook                          0x080006e5   Thumb Code     2  app_hooks.o(i.App_TCBInitHook)
    App_TaskCreateHook                       0x080006e7   Thumb Code     2  app_hooks.o(i.App_TaskCreateHook)
    App_TaskDelHook                          0x080006e9   Thumb Code     2  app_hooks.o(i.App_TaskDelHook)
    App_TaskIdleHook                         0x080006eb   Thumb Code     2  app_hooks.o(i.App_TaskIdleHook)
    App_TaskReturnHook                       0x080006ed   Thumb Code     2  app_hooks.o(i.App_TaskReturnHook)
    App_TaskStatHook                         0x080006ef   Thumb Code     2  app_hooks.o(i.App_TaskStatHook)
    App_TaskSwHook                           0x080006f1   Thumb Code     2  app_hooks.o(i.App_TaskSwHook)
    App_TimeTickHook                         0x080006f3   Thumb Code     8  app_hooks.o(i.App_TimeTickHook)
    BEEP_OFF                                 0x080006fd   Thumb Code    16  beep.o(i.BEEP_OFF)
    BEEP_ON                                  0x08000711   Thumb Code    14  beep.o(i.BEEP_ON)
    Check_KEY_UP                             0x08000725   Thumb Code    62  wkup.o(i.Check_KEY_UP)
    DHT11_CHECK                              0x08000769   Thumb Code    88  dht11.o(i.DHT11_CHECK)
    DHT11_Init                               0x080007c9   Thumb Code    70  dht11.o(i.DHT11_Init)
    DHT11_RESET                              0x08000819   Thumb Code    52  dht11.o(i.DHT11_RESET)
    DHT11_Read_Byte                          0x08000859   Thumb Code    30  dht11.o(i.DHT11_Read_Byte)
    DHT11_Read_Data                          0x08000877   Thumb Code    88  dht11.o(i.DHT11_Read_Data)
    DHT11_Read_bit                           0x080008d1   Thumb Code    70  dht11.o(i.DHT11_Read_bit)
    EXTI0_IRQHandler                         0x0800091d   Thumb Code    20  wkup.o(i.EXTI0_IRQHandler)
    EXTI_Init                                0x08000935   Thumb Code   142  stm32f4xx_exti.o(i.EXTI_Init)
    FSMC_NORSRAM_Init                        0x080009c9   Thumb Code    88  stm32f4xx_ll_fsmc.o(i.FSMC_NORSRAM_Init)
    FSMC_NORSRAM_Timing_Init                 0x08000a25   Thumb Code    68  stm32f4xx_ll_fsmc.o(i.FSMC_NORSRAM_Timing_Init)
    GPIO_PinAFConfig                         0x08000a69   Thumb Code    70  lcd.o(i.GPIO_PinAFConfig)
    HAL_ADC_ConfigChannel                    0x08000ab1   Thumb Code   386  stm32f4xx_hal_adc.o(i.HAL_ADC_ConfigChannel)
    HAL_ADC_GetValue                         0x08000c45   Thumb Code     8  stm32f4xx_hal_adc.o(i.HAL_ADC_GetValue)
    HAL_ADC_Init                             0x08000c4d   Thumb Code    74  stm32f4xx_hal_adc.o(i.HAL_ADC_Init)
    HAL_ADC_MspInit                          0x08000c9d   Thumb Code     2  stm32f4xx_hal_adc.o(i.HAL_ADC_MspInit)
    HAL_ADC_Start                            0x08000ca1   Thumb Code   182  stm32f4xx_hal_adc.o(i.HAL_ADC_Start)
    HAL_ADC_Stop                             0x08000d69   Thumb Code    24  stm32f4xx_hal_adc.o(i.HAL_ADC_Stop)
    HAL_GPIO_EXTI_Callback                   0x08000d81   Thumb Code    10  stm32f4xx_hal_gpio.o(i.HAL_GPIO_EXTI_Callback)
    HAL_GPIO_EXTI_IRQHandler                 0x08000d8d   Thumb Code    24  stm32f4xx_hal_gpio.o(i.HAL_GPIO_EXTI_IRQHandler)
    HAL_GPIO_Init                            0x08000da9   Thumb Code   476  stm32f4xx_hal_gpio.o(i.HAL_GPIO_Init)
    HAL_GPIO_WritePin                        0x08000fb5   Thumb Code    12  stm32f4xx_hal_gpio.o(i.HAL_GPIO_WritePin)
    HAL_GetTick                              0x08000fc1   Thumb Code     6  stm32f4xx_hal.o(i.HAL_GetTick)
    HAL_IncTick                              0x08000fcd   Thumb Code    12  stm32f4xx_hal.o(i.HAL_IncTick)
    HAL_NVIC_EnableIRQ                       0x08000fdd   Thumb Code    26  stm32f4xx_hal_cortex.o(i.HAL_NVIC_EnableIRQ)
    HAL_NVIC_SetPriority                     0x08000ff7   Thumb Code   124  stm32f4xx_hal_cortex.o(i.HAL_NVIC_SetPriority)
    HAL_PWR_EnableBkUpAccess                 0x08001075   Thumb Code    20  stm32f4xx_hal_pwr.o(i.HAL_PWR_EnableBkUpAccess)
    HAL_PWR_EnableWakeUpPin                  0x0800108d   Thumb Code    12  stm32f4xx_hal_pwr.o(i.HAL_PWR_EnableWakeUpPin)
    HAL_PWR_EnterSTANDBYMode                 0x0800109d   Thumb Code    32  stm32f4xx_hal_pwr.o(i.HAL_PWR_EnterSTANDBYMode)
    HAL_RCC_GetHCLKFreq                      0x080010c5   Thumb Code    42  stm32f4xx_hal_rcc.o(i.HAL_RCC_GetHCLKFreq)
    HAL_RCC_GetPCLK1Freq                     0x080010fd   Thumb Code    36  stm32f4xx_hal_rcc.o(i.HAL_RCC_GetPCLK1Freq)
    HAL_RCC_GetPCLK2Freq                     0x08001129   Thumb Code    36  stm32f4xx_hal_rcc.o(i.HAL_RCC_GetPCLK2Freq)
    HAL_RCC_GetSysClockFreq                  0x08001155   Thumb Code   168  stm32f4xx_hal_rcc.o(i.HAL_RCC_GetSysClockFreq)
    HAL_UART_Init                            0x08001209   Thumb Code   110  stm32f4xx_hal_uart.o(i.HAL_UART_Init)
    HAL_UART_MspInit                         0x08001279   Thumb Code   108  uart.o(i.HAL_UART_MspInit)
    HAL_UART_Transmit                        0x080012ed   Thumb Code   240  stm32f4xx_hal_uart.o(i.HAL_UART_Transmit)
    LCD_Clear                                0x080013dd   Thumb Code   100  lcd.o(i.LCD_Clear)
    LCD_Display_Dir                          0x08001449   Thumb Code   444  lcd.o(i.LCD_Display_Dir)
    LCD_Fast_DrawPoint                       0x08001609   Thumb Code   374  lcd.o(i.LCD_Fast_DrawPoint)
    LCD_Init                                 0x08001789   Thumb Code 14794  lcd.o(i.LCD_Init)
    LCD_Pow                                  0x0800515d   Thumb Code    22  lcd.o(i.LCD_Pow)
    LCD_RD_DATA                              0x08005175   Thumb Code    14  lcd.o(i.LCD_RD_DATA)
    LCD_ReadReg                              0x08005189   Thumb Code    22  lcd.o(i.LCD_ReadReg)
    LCD_SSD_BackLightSet                     0x080051a1   Thumb Code    88  lcd.o(i.LCD_SSD_BackLightSet)
    LCD_Scan_Dir                             0x08005201   Thumb Code   744  lcd.o(i.LCD_Scan_Dir)
    LCD_SetCursor                            0x080054ed   Thumb Code   418  lcd.o(i.LCD_SetCursor)
    LCD_ShowChar                             0x08005695   Thumb Code   272  lcd.o(i.LCD_ShowChar)
    LCD_ShowNum                              0x080057bd   Thumb Code   148  lcd.o(i.LCD_ShowNum)
    LCD_ShowString                           0x08005851   Thumb Code   102  lcd.o(i.LCD_ShowString)
    LCD_WR_DATA                              0x080058b9   Thumb Code    18  lcd.o(i.LCD_WR_DATA)
    LCD_WR_REG                               0x080058d1   Thumb Code    18  lcd.o(i.LCD_WR_REG)
    LCD_WriteRAM_Prepare                     0x080058e9   Thumb Code    10  lcd.o(i.LCD_WriteRAM_Prepare)
    LCD_WriteReg                             0x080058fd   Thumb Code    14  lcd.o(i.LCD_WriteReg)
    LED_Init                                 0x08005911   Thumb Code    78  led.o(i.LED_Init)
    LED_OFF                                  0x08005969   Thumb Code    16  led.o(i.LED_OFF)
    LED_ON                                   0x0800597d   Thumb Code    16  led.o(i.LED_ON)
    Light_Sensor_Get                         0x08005991   Thumb Code    58  light_sensor.o(i.Light_Sensor_Get)
    Light_Sensor_Init                        0x080059cd   Thumb Code    64  light_sensor.o(i.Light_Sensor_Init)
    OSDebugInit                              0x08005a4d   Thumb Code    96  os_dbg.o(i.OSDebugInit)
    OSInit                                   0x08005b65   Thumb Code    48  os_core.o(i.OSInit)
    OSInitHookBegin                          0x08005b95   Thumb Code    34  os_cpu_c.o(i.OSInitHookBegin)
    OSInitHookEnd                            0x08005bc5   Thumb Code     2  os_cpu_c.o(i.OSInitHookEnd)
    OSIntExit                                0x08005bc9   Thumb Code   112  os_core.o(i.OSIntExit)
    OSSchedLock                              0x08005c59   Thumb Code    50  os_core.o(i.OSSchedLock)
    OSSchedUnlock                            0x08005c99   Thumb Code    82  os_core.o(i.OSSchedUnlock)
    OSSemCreate                              0x08005cf9   Thumb Code    72  os_sem.o(i.OSSemCreate)
    OSSemPend                                0x08005d4d   Thumb Code   228  os_sem.o(i.OSSemPend)
    OSSemPost                                0x08005e3d   Thumb Code    88  os_sem.o(i.OSSemPost)
    OSStart                                  0x08005e95   Thumb Code    48  os_core.o(i.OSStart)
    OSStatInit                               0x08005edd   Thumb Code    62  os_core.o(i.OSStatInit)
    OSTCBInitHook                            0x08005f29   Thumb Code    12  os_cpu_c.o(i.OSTCBInitHook)
    OSTaskCreate                             0x08005f35   Thumb Code   148  os_task.o(i.OSTaskCreate)
    OSTaskCreateExt                          0x08005fd5   Thumb Code   170  os_task.o(i.OSTaskCreateExt)
    OSTaskCreateHook                         0x0800608d   Thumb Code    12  os_cpu_c.o(i.OSTaskCreateHook)
    OSTaskDel                                0x08006099   Thumb Code   306  os_task.o(i.OSTaskDel)
    OSTaskDelHook                            0x080061f9   Thumb Code    12  os_cpu_c.o(i.OSTaskDelHook)
    OSTaskIdleHook                           0x08006205   Thumb Code     8  os_cpu_c.o(i.OSTaskIdleHook)
    OSTaskNameSet                            0x0800620d   Thumb Code    98  os_task.o(i.OSTaskNameSet)
    OSTaskReturnHook                         0x0800627d   Thumb Code    12  os_cpu_c.o(i.OSTaskReturnHook)
    OSTaskStatHook                           0x08006289   Thumb Code     8  os_cpu_c.o(i.OSTaskStatHook)
    OSTaskStkChk                             0x08006291   Thumb Code   128  os_task.o(i.OSTaskStkChk)
    OSTaskStkInit                            0x08006319   Thumb Code   444  os_cpu_c.o(i.OSTaskStkInit)
    OSTaskSuspend                            0x08006541   Thumb Code   152  os_task.o(i.OSTaskSuspend)
    OSTaskSwHook                             0x080065e9   Thumb Code     8  os_cpu_c.o(i.OSTaskSwHook)
    OSTimeDly                                0x080065f1   Thumb Code   100  os_time.o(i.OSTimeDly)
    OSTimeTick                               0x08006669   Thumb Code   210  os_core.o(i.OSTimeTick)
    OSTimeTickHook                           0x08006755   Thumb Code     8  os_cpu_c.o(i.OSTimeTickHook)
    OS_CPU_SysTickHandler                    0x0800675d   Thumb Code    34  os_cpu_c.o(i.OS_CPU_SysTickHandler)
    OS_Dummy                                 0x08006785   Thumb Code     2  os_core.o(i.OS_Dummy)
    OS_EventTaskRdy                          0x08006789   Thumb Code   128  os_core.o(i.OS_EventTaskRdy)
    OS_EventTaskRemove                       0x08006819   Thumb Code    46  os_core.o(i.OS_EventTaskRemove)
    OS_EventTaskRemoveMulti                  0x08006847   Thumb Code    58  os_core.o(i.OS_EventTaskRemoveMulti)
    OS_EventTaskWait                         0x08006881   Thumb Code   112  os_core.o(i.OS_EventTaskWait)
    OS_EventWaitListInit                     0x080068fd   Thumb Code    28  os_core.o(i.OS_EventWaitListInit)
    OS_FlagInit                              0x08006919   Thumb Code    74  os_flag.o(i.OS_FlagInit)
    OS_FlagUnlink                            0x08006971   Thumb Code    36  os_flag.o(i.OS_FlagUnlink)
    OS_MemClr                                0x08006bb5   Thumb Code    18  os_core.o(i.OS_MemClr)
    OS_QInit                                 0x08006bc9   Thumb Code    72  os_q.o(i.OS_QInit)
    OS_Sched                                 0x08006c19   Thumb Code    88  os_core.o(i.OS_Sched)
    OS_TCBInit                               0x08006cb9   Thumb Code   292  os_core.o(i.OS_TCBInit)
    OS_TaskIdle                              0x08006df9   Thumb Code    34  os_core.o(i.OS_TaskIdle)
    OS_TaskReturn                            0x08006e21   Thumb Code    18  os_task.o(i.OS_TaskReturn)
    OS_TaskStat                              0x08006e39   Thumb Code   140  os_core.o(i.OS_TaskStat)
    OS_TaskStatStkChk                        0x08006ed9   Thumb Code    54  os_core.o(i.OS_TaskStatStkChk)
    OS_TaskStkClr                            0x08006f15   Thumb Code    26  os_task.o(i.OS_TaskStkClr)
    Sys_Enter_Standby                        0x08006f31   Thumb Code   140  wkup.o(i.Sys_Enter_Standby)
    SystemInit                               0x08006fcd   Thumb Code    82  system_stm32f4xx.o(i.SystemInit)
    __0printf$1                              0x08007351   Thumb Code    22  printf1.o(i.__0printf$1)
    __1printf$1                              0x08007351   Thumb Code     0  printf1.o(i.__0printf$1)
    __2printf                                0x08007351   Thumb Code     0  printf1.o(i.__0printf$1)
    __scatterload_copy                       0x08007371   Thumb Code    14  handlers.o(i.__scatterload_copy)
    __scatterload_null                       0x0800737f   Thumb Code     2  handlers.o(i.__scatterload_null)
    __scatterload_zeroinit                   0x08007381   Thumb Code    14  handlers.o(i.__scatterload_zeroinit)
    adc3_read                                0x080074e5   Thumb Code    50  adc3.o(i.adc3_read)
    beep_init                                0x0800751d   Thumb Code    74  beep.o(i.beep_init)
    delay_init                               0x08007571   Thumb Code    82  delay.o(i.delay_init)
    delay_ms                                 0x080075cd   Thumb Code    66  delay.o(i.delay_ms)
    delay_us                                 0x0800761d   Thumb Code    84  delay.o(i.delay_us)
    fputc                                    0x08007675   Thumb Code    26  uart.o(i.fputc)
    humi_police_task                         0x08007695   Thumb Code    42  main.o(i.humi_police_task)
    lcd_display_task                         0x080076c5   Thumb Code   262  main.o(i.lcd_display_task)
    light_police_task                        0x08007815   Thumb Code    42  main.o(i.light_police_task)
    main                                     0x08007845   Thumb Code   164  main.o(i.main)
    start_task                               0x0800792d   Thumb Code   104  main.o(i.start_task)
    temp_police_task                         0x080079c1   Thumb Code    42  main.o(i.temp_police_task)
    uart_init                                0x080079f1   Thumb Code    52  uart.o(i.uart_init)
    wkup_init                                0x08007a2d   Thumb Code   198  wkup.o(i.wkup_init)
    asc2_1206                                0x08007b00   Data        1140  lcd.o(.constdata)
    asc2_1608                                0x08007f74   Data        1520  lcd.o(.constdata)
    asc2_2412                                0x08008564   Data        3420  lcd.o(.constdata)
    OSDebugEn                                0x080092c0   Data           2  os_dbg.o(.constdata)
    OSEndiannessTest                         0x080092c4   Data           4  os_dbg.o(.constdata)
    OSEventEn                                0x080092c8   Data           2  os_dbg.o(.constdata)
    OSEventMax                               0x080092ca   Data           2  os_dbg.o(.constdata)
    OSEventNameEn                            0x080092cc   Data           2  os_dbg.o(.constdata)
    OSEventSize                              0x080092ce   Data           2  os_dbg.o(.constdata)
    OSEventTblSize                           0x080092d0   Data           2  os_dbg.o(.constdata)
    OSEventMultiEn                           0x080092d2   Data           2  os_dbg.o(.constdata)
    OSFlagEn                                 0x080092d4   Data           2  os_dbg.o(.constdata)
    OSFlagGrpSize                            0x080092d6   Data           2  os_dbg.o(.constdata)
    OSFlagNodeSize                           0x080092d8   Data           2  os_dbg.o(.constdata)
    OSFlagWidth                              0x080092da   Data           2  os_dbg.o(.constdata)
    OSFlagMax                                0x080092dc   Data           2  os_dbg.o(.constdata)
    OSFlagNameEn                             0x080092de   Data           2  os_dbg.o(.constdata)
    OSLowestPrio                             0x080092e0   Data           2  os_dbg.o(.constdata)
    OSMboxEn                                 0x080092e2   Data           2  os_dbg.o(.constdata)
    OSMemEn                                  0x080092e4   Data           2  os_dbg.o(.constdata)
    OSMemMax                                 0x080092e6   Data           2  os_dbg.o(.constdata)
    OSMemNameEn                              0x080092e8   Data           2  os_dbg.o(.constdata)
    OSMemSize                                0x080092ea   Data           2  os_dbg.o(.constdata)
    OSMemTblSize                             0x080092ec   Data           2  os_dbg.o(.constdata)
    OSMutexEn                                0x080092ee   Data           2  os_dbg.o(.constdata)
    OSPtrSize                                0x080092f0   Data           2  os_dbg.o(.constdata)
    OSQEn                                    0x080092f2   Data           2  os_dbg.o(.constdata)
    OSQMax                                   0x080092f4   Data           2  os_dbg.o(.constdata)
    OSQSize                                  0x080092f6   Data           2  os_dbg.o(.constdata)
    OSRdyTblSize                             0x080092f8   Data           2  os_dbg.o(.constdata)
    OSSemEn                                  0x080092fa   Data           2  os_dbg.o(.constdata)
    OSStkWidth                               0x080092fc   Data           2  os_dbg.o(.constdata)
    OSTaskCreateEn                           0x080092fe   Data           2  os_dbg.o(.constdata)
    OSTaskCreateExtEn                        0x08009300   Data           2  os_dbg.o(.constdata)
    OSTaskDelEn                              0x08009302   Data           2  os_dbg.o(.constdata)
    OSTaskIdleStkSize                        0x08009304   Data           2  os_dbg.o(.constdata)
    OSTaskProfileEn                          0x08009306   Data           2  os_dbg.o(.constdata)
    OSTaskMax                                0x08009308   Data           2  os_dbg.o(.constdata)
    OSTaskNameEn                             0x0800930a   Data           2  os_dbg.o(.constdata)
    OSTaskStatEn                             0x0800930c   Data           2  os_dbg.o(.constdata)
    OSTaskStatStkSize                        0x0800930e   Data           2  os_dbg.o(.constdata)
    OSTaskStatStkChkEn                       0x08009310   Data           2  os_dbg.o(.constdata)
    OSTaskSwHookEn                           0x08009312   Data           2  os_dbg.o(.constdata)
    OSTaskRegTblSize                         0x08009314   Data           2  os_dbg.o(.constdata)
    OSTCBPrioTblMax                          0x08009316   Data           2  os_dbg.o(.constdata)
    OSTCBSize                                0x08009318   Data           2  os_dbg.o(.constdata)
    OSTicksPerSec                            0x0800931a   Data           2  os_dbg.o(.constdata)
    OSTimeTickHookEn                         0x0800931c   Data           2  os_dbg.o(.constdata)
    OSVersionNbr                             0x0800931e   Data           2  os_dbg.o(.constdata)
    OSTmrEn                                  0x08009320   Data           2  os_dbg.o(.constdata)
    OSTmrCfgMax                              0x08009322   Data           2  os_dbg.o(.constdata)
    OSTmrCfgNameEn                           0x08009324   Data           2  os_dbg.o(.constdata)
    OSTmrCfgWheelSize                        0x08009326   Data           2  os_dbg.o(.constdata)
    OSTmrCfgTicksPerSec                      0x08009328   Data           2  os_dbg.o(.constdata)
    OSTmrSize                                0x0800932a   Data           2  os_dbg.o(.constdata)
    OSTmrTblSize                             0x0800932c   Data           2  os_dbg.o(.constdata)
    OSTmrWheelSize                           0x0800932e   Data           2  os_dbg.o(.constdata)
    OSTmrWheelTblSize                        0x08009330   Data           2  os_dbg.o(.constdata)
    OSDataSize                               0x08009332   Data           2  os_dbg.o(.constdata)
    OSUnMapTbl                               0x08009334   Data         256  os_core.o(.constdata)
    APBAHBPrescTable                         0x08009434   Data          16  stm32f4xx_hal_rcc.o(.constdata)
    Region$$Table$$Base                      0x08009444   Number         0  anon$$obj.o(Region$$Table)
    Region$$Table$$Limit                     0x08009464   Number         0  anon$$obj.o(Region$$Table)
    temp_sem                                 0x20000000   Data           4  main.o(.data)
    humi_sem                                 0x20000004   Data           4  main.o(.data)
    LightSensor_sem                          0x20000008   Data           4  main.o(.data)
    temp                                     0x2000000c   Data           1  main.o(.data)
    humi                                     0x2000000d   Data           1  main.o(.data)
    LightSensor                              0x2000000e   Data           1  main.o(.data)
    POINT_COLOR                              0x20000014   Data           2  lcd.o(.data)
    BACK_COLOR                               0x20000016   Data           2  lcd.o(.data)
    OS_CPU_ExceptStkBase                     0x20000018   Data           4  os_cpu_c.o(.data)
    OSCtxSwCtr                               0x2000001c   Data           4  os_core.o(.data)
    OSEventFreeList                          0x20000020   Data           4  os_core.o(.data)
    OSFlagFreeList                           0x20000024   Data           4  os_core.o(.data)
    OSCPUUsage                               0x20000028   Data           1  os_core.o(.data)
    OSIdleCtrMax                             0x2000002c   Data           4  os_core.o(.data)
    OSIdleCtrRun                             0x20000030   Data           4  os_core.o(.data)
    OSStatRdy                                0x20000034   Data           1  os_core.o(.data)
    OSIntNesting                             0x20000035   Data           1  os_core.o(.data)
    OSLockNesting                            0x20000036   Data           1  os_core.o(.data)
    OSPrioCur                                0x20000037   Data           1  os_core.o(.data)
    OSPrioHighRdy                            0x20000038   Data           1  os_core.o(.data)
    OSRdyGrp                                 0x20000039   Data           1  os_core.o(.data)
    OSRdyTbl                                 0x2000003a   Data           8  os_core.o(.data)
    OSRunning                                0x20000042   Data           1  os_core.o(.data)
    OSTaskCtr                                0x20000043   Data           1  os_core.o(.data)
    OSIdleCtr                                0x20000044   Data           4  os_core.o(.data)
    OSTCBCur                                 0x20000048   Data           4  os_core.o(.data)
    OSTCBFreeList                            0x2000004c   Data           4  os_core.o(.data)
    OSTCBHighRdy                             0x20000050   Data           4  os_core.o(.data)
    OSTCBList                                0x20000054   Data           4  os_core.o(.data)
    OSTickStepState                          0x20000058   Data           1  os_core.o(.data)
    OSQFreeList                              0x2000005c   Data           4  os_core.o(.data)
    OSTaskRegNextAvailID                     0x20000060   Data           1  os_core.o(.data)
    OSTime                                   0x20000064   Data           4  os_core.o(.data)
    SystemCoreClock                          0x2000006c   Data           4  system_stm32f4xx.o(.data)
    __stdout                                 0x20000070   Data           4  stdout.o(.data)
    START_TASK_STK                           0x20000074   Data         256  main.o(.bss)
    LCD_TASK_STK                             0x20000174   Data         256  main.o(.bss)
    TEMP_BEEP_TASK_STK                       0x20000274   Data         256  main.o(.bss)
    HUMI_BEEP_TASK_STK                       0x20000374   Data         256  main.o(.bss)
    LIGHT_BEEP_TASK_STK                      0x20000474   Data         256  main.o(.bss)
    usart1                                   0x20000574   Data          64  uart.o(.bss)
    adc3                                     0x200005b4   Data          68  adc3.o(.bss)
    lcddev                                   0x200005f8   Data          14  lcd.o(.bss)
    OS_CPU_ExceptStk                         0x20000608   Data         512  os_cpu_c.o(.bss)
    OSEventTbl                               0x20000808   Data         480  os_core.o(.bss)
    OSFlagTbl                                0x200009e8   Data          80  os_core.o(.bss)
    OSTaskStatStk                            0x20000a38   Data         512  os_core.o(.bss)
    OSTaskIdleStk                            0x20000c38   Data         512  os_core.o(.bss)
    OSTCBPrioTbl                             0x20000e38   Data         256  os_core.o(.bss)
    OSTCBTbl                                 0x20000f38   Data        1936  os_core.o(.bss)
    OSQTbl                                   0x200016c8   Data          96  os_core.o(.bss)
    __initial_sp                             0x20001b28   Data           0  startup_stm32f407xx.o(STACK)



==============================================================================

Memory Map of the image

  Image Entry point : 0x08000189

  Load Region LR_IROM1 (Base: 0x08000000, Size: 0x000094d8, Max: 0x00100000, ABSOLUTE)

    Execution Region ER_IROM1 (Base: 0x08000000, Size: 0x00009464, Max: 0x00100000, ABSOLUTE)

    Base Addr    Size         Type   Attr      Idx    E Section Name        Object

    0x08000000   0x00000188   Data   RO         4335    RESET               startup_stm32f407xx.o
    0x08000188   0x00000000   Code   RO         4377  * .ARM.Collect$$$$00000000  mc_w.l(entry.o)
    0x08000188   0x00000004   Code   RO         4647    .ARM.Collect$$$$00000001  mc_w.l(entry2.o)
    0x0800018c   0x00000004   Code   RO         4650    .ARM.Collect$$$$00000004  mc_w.l(entry5.o)
    0x08000190   0x00000000   Code   RO         4652    .ARM.Collect$$$$00000008  mc_w.l(entry7b.o)
    0x08000190   0x00000000   Code   RO         4654    .ARM.Collect$$$$0000000A  mc_w.l(entry8b.o)
    0x08000190   0x00000008   Code   RO         4655    .ARM.Collect$$$$0000000B  mc_w.l(entry9a.o)
    0x08000198   0x00000000   Code   RO         4657    .ARM.Collect$$$$0000000D  mc_w.l(entry10a.o)
    0x08000198   0x00000000   Code   RO         4659    .ARM.Collect$$$$0000000F  mc_w.l(entry11a.o)
    0x08000198   0x00000004   Code   RO         4648    .ARM.Collect$$$$00002712  mc_w.l(entry2.o)
    0x0800019c   0x000000dc   Code   RO         1686    .text               os_cpu_a.o
    0x08000278   0x00000024   Code   RO         4336    .text               startup_stm32f407xx.o
    0x0800029c   0x000000e4   Code   RO         4641    .text               mf_w.l(dmul.o)
    0x08000380   0x0000001a   Code   RO         4643    .text               mf_w.l(dfltui.o)
    0x0800039a   0x00000032   Code   RO         4645    .text               mf_w.l(dfixui.o)
    0x080003cc   0x0000002c   Code   RO         4662    .text               mc_w.l(uidiv.o)
    0x080003f8   0x00000020   Code   RO         4666    .text               mc_w.l(llushr.o)
    0x08000418   0x00000000   Code   RO         4668    .text               mc_w.l(iusefp.o)
    0x08000418   0x000000ba   Code   RO         4669    .text               mf_w.l(depilogue.o)
    0x080004d2   0x00000002   PAD
    0x080004d4   0x00000024   Code   RO         4679    .text               mc_w.l(init.o)
    0x080004f8   0x0000001e   Code   RO         4681    .text               mc_w.l(llshl.o)
    0x08000516   0x00000002   PAD
    0x08000518   0x00000054   Code   RO          392    i.ADC3_Init         adc3.o
    0x0800056c   0x00000178   Code   RO         2577    i.ADC_Init          stm32f4xx_hal_adc.o
    0x080006e4   0x00000002   Code   RO          785    i.App_TCBInitHook   app_hooks.o
    0x080006e6   0x00000002   Code   RO          786    i.App_TaskCreateHook  app_hooks.o
    0x080006e8   0x00000002   Code   RO          787    i.App_TaskDelHook   app_hooks.o
    0x080006ea   0x00000002   Code   RO          788    i.App_TaskIdleHook  app_hooks.o
    0x080006ec   0x00000002   Code   RO          789    i.App_TaskReturnHook  app_hooks.o
    0x080006ee   0x00000002   Code   RO          790    i.App_TaskStatHook  app_hooks.o
    0x080006f0   0x00000002   Code   RO          791    i.App_TaskSwHook    app_hooks.o
    0x080006f2   0x00000008   Code   RO          792    i.App_TimeTickHook  app_hooks.o
    0x080006fa   0x00000002   PAD
    0x080006fc   0x00000014   Code   RO          455    i.BEEP_OFF          beep.o
    0x08000710   0x00000014   Code   RO          456    i.BEEP_ON           beep.o
    0x08000724   0x00000044   Code   RO          491    i.Check_KEY_UP      wkup.o
    0x08000768   0x00000060   Code   RO          244    i.DHT11_CHECK       dht11.o
    0x080007c8   0x00000050   Code   RO          245    i.DHT11_Init        dht11.o
    0x08000818   0x00000040   Code   RO          246    i.DHT11_RESET       dht11.o
    0x08000858   0x0000001e   Code   RO          247    i.DHT11_Read_Byte   dht11.o
    0x08000876   0x00000058   Code   RO          248    i.DHT11_Read_Data   dht11.o
    0x080008ce   0x00000002   PAD
    0x080008d0   0x0000004c   Code   RO          249    i.DHT11_Read_bit    dht11.o
    0x0800091c   0x00000018   Code   RO          492    i.EXTI0_IRQHandler  wkup.o
    0x08000934   0x00000094   Code   RO         2368    i.EXTI_Init         stm32f4xx_exti.o
    0x080009c8   0x0000005c   Code   RO         4219    i.FSMC_NORSRAM_Init  stm32f4xx_ll_fsmc.o
    0x08000a24   0x00000044   Code   RO         4220    i.FSMC_NORSRAM_Timing_Init  stm32f4xx_ll_fsmc.o
    0x08000a68   0x00000046   Code   RO          536    i.GPIO_PinAFConfig  lcd.o
    0x08000aae   0x00000002   PAD
    0x08000ab0   0x00000194   Code   RO         2579    i.HAL_ADC_ConfigChannel  stm32f4xx_hal_adc.o
    0x08000c44   0x00000008   Code   RO         2586    i.HAL_ADC_GetValue  stm32f4xx_hal_adc.o
    0x08000c4c   0x00000050   Code   RO         2588    i.HAL_ADC_Init      stm32f4xx_hal_adc.o
    0x08000c9c   0x00000002   Code   RO         2591    i.HAL_ADC_MspInit   stm32f4xx_hal_adc.o
    0x08000c9e   0x00000002   PAD
    0x08000ca0   0x000000c8   Code   RO         2594    i.HAL_ADC_Start     stm32f4xx_hal_adc.o
    0x08000d68   0x00000018   Code   RO         2597    i.HAL_ADC_Stop      stm32f4xx_hal_adc.o
    0x08000d80   0x0000000a   Code   RO         3102    i.HAL_GPIO_EXTI_Callback  stm32f4xx_hal_gpio.o
    0x08000d8a   0x00000002   PAD
    0x08000d8c   0x0000001c   Code   RO         3103    i.HAL_GPIO_EXTI_IRQHandler  stm32f4xx_hal_gpio.o
    0x08000da8   0x0000020c   Code   RO         3104    i.HAL_GPIO_Init     stm32f4xx_hal_gpio.o
    0x08000fb4   0x0000000c   Code   RO         3108    i.HAL_GPIO_WritePin  stm32f4xx_hal_gpio.o
    0x08000fc0   0x0000000c   Code   RO         2441    i.HAL_GetTick       stm32f4xx_hal.o
    0x08000fcc   0x00000010   Code   RO         2442    i.HAL_IncTick       stm32f4xx_hal.o
    0x08000fdc   0x0000001a   Code   RO         2852    i.HAL_NVIC_EnableIRQ  stm32f4xx_hal_cortex.o
    0x08000ff6   0x0000007c   Code   RO         2858    i.HAL_NVIC_SetPriority  stm32f4xx_hal_cortex.o
    0x08001072   0x00000002   PAD
    0x08001074   0x00000018   Code   RO         3174    i.HAL_PWR_EnableBkUpAccess  stm32f4xx_hal_pwr.o
    0x0800108c   0x00000010   Code   RO         3178    i.HAL_PWR_EnableWakeUpPin  stm32f4xx_hal_pwr.o
    0x0800109c   0x00000028   Code   RO         3180    i.HAL_PWR_EnterSTANDBYMode  stm32f4xx_hal_pwr.o
    0x080010c4   0x00000038   Code   RO         3347    i.HAL_RCC_GetHCLKFreq  stm32f4xx_hal_rcc.o
    0x080010fc   0x0000002c   Code   RO         3349    i.HAL_RCC_GetPCLK1Freq  stm32f4xx_hal_rcc.o
    0x08001128   0x0000002c   Code   RO         3350    i.HAL_RCC_GetPCLK2Freq  stm32f4xx_hal_rcc.o
    0x08001154   0x000000b4   Code   RO         3351    i.HAL_RCC_GetSysClockFreq  stm32f4xx_hal_rcc.o
    0x08001208   0x0000006e   Code   RO         3984    i.HAL_UART_Init     stm32f4xx_hal_uart.o
    0x08001276   0x00000002   PAD
    0x08001278   0x00000074   Code   RO          335    i.HAL_UART_MspInit  uart.o
    0x080012ec   0x000000f0   Code   RO         3992    i.HAL_UART_Transmit  stm32f4xx_hal_uart.o
    0x080013dc   0x0000006c   Code   RO          538    i.LCD_Clear         lcd.o
    0x08001448   0x000001c0   Code   RO          542    i.LCD_Display_Dir   lcd.o
    0x08001608   0x00000180   Code   RO          547    i.LCD_Fast_DrawPoint  lcd.o
    0x08001788   0x000039d4   Code   RO          549    i.LCD_Init          lcd.o
    0x0800515c   0x00000016   Code   RO          550    i.LCD_Pow           lcd.o
    0x08005172   0x00000002   PAD
    0x08005174   0x00000014   Code   RO          551    i.LCD_RD_DATA       lcd.o
    0x08005188   0x00000016   Code   RO          553    i.LCD_ReadReg       lcd.o
    0x0800519e   0x00000002   PAD
    0x080051a0   0x00000060   Code   RO          554    i.LCD_SSD_BackLightSet  lcd.o
    0x08005200   0x000002ec   Code   RO          555    i.LCD_Scan_Dir      lcd.o
    0x080054ec   0x000001a8   Code   RO          556    i.LCD_SetCursor     lcd.o
    0x08005694   0x00000128   Code   RO          558    i.LCD_ShowChar      lcd.o
    0x080057bc   0x00000094   Code   RO          559    i.LCD_ShowNum       lcd.o
    0x08005850   0x00000066   Code   RO          560    i.LCD_ShowString    lcd.o
    0x080058b6   0x00000002   PAD
    0x080058b8   0x00000018   Code   RO          562    i.LCD_WR_DATA       lcd.o
    0x080058d0   0x00000018   Code   RO          563    i.LCD_WR_REG        lcd.o
    0x080058e8   0x00000014   Code   RO          565    i.LCD_WriteRAM_Prepare  lcd.o
    0x080058fc   0x00000014   Code   RO          566    i.LCD_WriteReg      lcd.o
    0x08005910   0x00000058   Code   RO          298    i.LED_Init          led.o
    0x08005968   0x00000014   Code   RO          299    i.LED_OFF           led.o
    0x0800597c   0x00000014   Code   RO          300    i.LED_ON            led.o
    0x08005990   0x0000003a   Code   RO          425    i.Light_Sensor_Get  light_sensor.o
    0x080059ca   0x00000002   PAD
    0x080059cc   0x00000048   Code   RO          426    i.Light_Sensor_Init  light_sensor.o
    0x08005a14   0x00000010   Code   RO         2865    i.NVIC_GetPriorityGrouping  stm32f4xx_hal_cortex.o
    0x08005a24   0x00000028   Code   RO         2866    i.NVIC_SetPriority  stm32f4xx_hal_cortex.o
    0x08005a4c   0x00000118   Code   RO         1671    i.OSDebugInit       os_dbg.o
    0x08005b64   0x00000030   Code   RO         1692    i.OSInit            os_core.o
    0x08005b94   0x00000030   Code   RO         1573    i.OSInitHookBegin   os_cpu_c.o
    0x08005bc4   0x00000002   Code   RO         1574    i.OSInitHookEnd     os_cpu_c.o
    0x08005bc6   0x00000002   PAD
    0x08005bc8   0x00000090   Code   RO         1694    i.OSIntExit         os_core.o
    0x08005c58   0x00000040   Code   RO         1695    i.OSSchedLock       os_core.o
    0x08005c98   0x00000060   Code   RO         1696    i.OSSchedUnlock     os_core.o
    0x08005cf8   0x00000054   Code   RO         2162    i.OSSemCreate       os_sem.o
    0x08005d4c   0x000000f0   Code   RO         2164    i.OSSemPend         os_sem.o
    0x08005e3c   0x00000058   Code   RO         2166    i.OSSemPost         os_sem.o
    0x08005e94   0x00000048   Code   RO         1697    i.OSStart           os_core.o
    0x08005edc   0x0000004c   Code   RO         1698    i.OSStatInit        os_core.o
    0x08005f28   0x0000000c   Code   RO         1575    i.OSTCBInitHook     os_cpu_c.o
    0x08005f34   0x000000a0   Code   RO         2216    i.OSTaskCreate      os_task.o
    0x08005fd4   0x000000b8   Code   RO         2217    i.OSTaskCreateExt   os_task.o
    0x0800608c   0x0000000c   Code   RO         1576    i.OSTaskCreateHook  os_cpu_c.o
    0x08006098   0x00000160   Code   RO         2218    i.OSTaskDel         os_task.o
    0x080061f8   0x0000000c   Code   RO         1577    i.OSTaskDelHook     os_cpu_c.o
    0x08006204   0x00000008   Code   RO         1578    i.OSTaskIdleHook    os_cpu_c.o
    0x0800620c   0x00000070   Code   RO         2221    i.OSTaskNameSet     os_task.o
    0x0800627c   0x0000000c   Code   RO         1579    i.OSTaskReturnHook  os_cpu_c.o
    0x08006288   0x00000008   Code   RO         1580    i.OSTaskStatHook    os_cpu_c.o
    0x08006290   0x00000088   Code   RO         2227    i.OSTaskStkChk      os_task.o
    0x08006318   0x00000228   Code   RO         1581    i.OSTaskStkInit     os_cpu_c.o
    0x08006540   0x000000a8   Code   RO         2228    i.OSTaskSuspend     os_task.o
    0x080065e8   0x00000008   Code   RO         1582    i.OSTaskSwHook      os_cpu_c.o
    0x080065f0   0x00000078   Code   RO         2317    i.OSTimeDly         os_time.o
    0x08006668   0x000000ec   Code   RO         1699    i.OSTimeTick        os_core.o
    0x08006754   0x00000008   Code   RO         1583    i.OSTimeTickHook    os_cpu_c.o
    0x0800675c   0x00000028   Code   RO         1584    i.OS_CPU_SysTickHandler  os_cpu_c.o
    0x08006784   0x00000002   Code   RO         1701    i.OS_Dummy          os_core.o
    0x08006786   0x00000002   PAD
    0x08006788   0x00000090   Code   RO         1702    i.OS_EventTaskRdy   os_core.o
    0x08006818   0x0000002e   Code   RO         1703    i.OS_EventTaskRemove  os_core.o
    0x08006846   0x0000003a   Code   RO         1704    i.OS_EventTaskRemoveMulti  os_core.o
    0x08006880   0x0000007c   Code   RO         1705    i.OS_EventTaskWait  os_core.o
    0x080068fc   0x0000001c   Code   RO         1707    i.OS_EventWaitListInit  os_core.o
    0x08006918   0x00000058   Code   RO         1910    i.OS_FlagInit       os_flag.o
    0x08006970   0x00000024   Code   RO         1912    i.OS_FlagUnlink     os_flag.o
    0x08006994   0x00000060   Code   RO         1708    i.OS_InitEventList  os_core.o
    0x080069f4   0x0000005c   Code   RO         1709    i.OS_InitMisc       os_core.o
    0x08006a50   0x00000044   Code   RO         1710    i.OS_InitRdyList    os_core.o
    0x08006a94   0x00000080   Code   RO         1711    i.OS_InitTCBList    os_core.o
    0x08006b14   0x00000050   Code   RO         1712    i.OS_InitTaskIdle   os_core.o
    0x08006b64   0x00000050   Code   RO         1713    i.OS_InitTaskStat   os_core.o
    0x08006bb4   0x00000012   Code   RO         1714    i.OS_MemClr         os_core.o
    0x08006bc6   0x00000002   PAD
    0x08006bc8   0x00000050   Code   RO         2099    i.OS_QInit          os_q.o
    0x08006c18   0x00000074   Code   RO         1716    i.OS_Sched          os_core.o
    0x08006c8c   0x0000002c   Code   RO         1717    i.OS_SchedNew       os_core.o
    0x08006cb8   0x00000140   Code   RO         1719    i.OS_TCBInit        os_core.o
    0x08006df8   0x00000028   Code   RO         1720    i.OS_TaskIdle       os_core.o
    0x08006e20   0x00000018   Code   RO         2229    i.OS_TaskReturn     os_task.o
    0x08006e38   0x000000a0   Code   RO         1721    i.OS_TaskStat       os_core.o
    0x08006ed8   0x0000003c   Code   RO         1722    i.OS_TaskStatStkChk  os_core.o
    0x08006f14   0x0000001a   Code   RO         2230    i.OS_TaskStkClr     os_task.o
    0x08006f2e   0x00000002   PAD
    0x08006f30   0x0000009c   Code   RO          493    i.Sys_Enter_Standby  wkup.o
    0x08006fcc   0x00000064   Code   RO         4344    i.SystemInit        system_stm32f4xx.o
    0x08007030   0x00000224   Code   RO         4004    i.UART_SetConfig    stm32f4xx_hal_uart.o
    0x08007254   0x000000fa   Code   RO         4006    i.UART_WaitOnFlagUntilTimeout  stm32f4xx_hal_uart.o
    0x0800734e   0x00000002   PAD
    0x08007350   0x00000020   Code   RO         4425    i.__0printf$1       mc_w.l(printf1.o)
    0x08007370   0x0000000e   Code   RO         4687    i.__scatterload_copy  mc_w.l(handlers.o)
    0x0800737e   0x00000002   Code   RO         4688    i.__scatterload_null  mc_w.l(handlers.o)
    0x08007380   0x0000000e   Code   RO         4689    i.__scatterload_zeroinit  mc_w.l(handlers.o)
    0x0800738e   0x00000002   PAD
    0x08007390   0x00000154   Code   RO         4432    i._printf_core      mc_w.l(printf1.o)
    0x080074e4   0x00000038   Code   RO          393    i.adc3_read         adc3.o
    0x0800751c   0x00000054   Code   RO          457    i.beep_init         beep.o
    0x08007570   0x0000005c   Code   RO          201    i.delay_init        delay.o
    0x080075cc   0x00000050   Code   RO          202    i.delay_ms          delay.o
    0x0800761c   0x00000058   Code   RO          203    i.delay_us          delay.o
    0x08007674   0x00000020   Code   RO          337    i.fputc             uart.o
    0x08007694   0x00000030   Code   RO            4    i.humi_police_task  main.o
    0x080076c4   0x00000150   Code   RO            5    i.lcd_display_task  main.o
    0x08007814   0x00000030   Code   RO            6    i.light_police_task  main.o
    0x08007844   0x000000e8   Code   RO            7    i.main              main.o
    0x0800792c   0x00000094   Code   RO            8    i.start_task        main.o
    0x080079c0   0x00000030   Code   RO            9    i.temp_police_task  main.o
    0x080079f0   0x0000003c   Code   RO          339    i.uart_init         uart.o
    0x08007a2c   0x000000d4   Code   RO          494    i.wkup_init         wkup.o
    0x08007b00   0x000017c0   Data   RO          569    .constdata          lcd.o
    0x080092c0   0x00000074   Data   RO         1672    .constdata          os_dbg.o
    0x08009334   0x00000100   Data   RO         1724    .constdata          os_core.o
    0x08009434   0x00000010   Data   RO         3355    .constdata          stm32f4xx_hal_rcc.o
    0x08009444   0x00000020   Data   RO         4685    Region$$Table       anon$$obj.o


    Execution Region RW_IRAM1 (Base: 0x20000000, Size: 0x00001b28, Max: 0x00020000, ABSOLUTE)

    Base Addr    Size         Type   Attr      Idx    E Section Name        Object

    0x20000000   0x0000000f   Data   RW           11    .data               main.o
    0x2000000f   0x00000001   PAD
    0x20000010   0x00000004   Data   RW          204    .data               delay.o
    0x20000014   0x00000004   Data   RW          570    .data               lcd.o
    0x20000018   0x00000004   Data   RW         1587    .data               os_cpu_c.o
    0x2000001c   0x0000004c   Data   RW         1725    .data               os_core.o
    0x20000068   0x00000004   Data   RW         2449    .data               stm32f4xx_hal.o
    0x2000006c   0x00000004   Data   RW         4346    .data               system_stm32f4xx.o
    0x20000070   0x00000004   Data   RW         4661    .data               mc_w.l(stdout.o)
    0x20000074   0x00000500   Zero   RW           10    .bss                main.o
    0x20000574   0x00000040   Zero   RW          340    .bss                uart.o
    0x200005b4   0x00000044   Zero   RW          394    .bss                adc3.o
    0x200005f8   0x0000000e   Zero   RW          568    .bss                lcd.o
    0x20000606   0x00000002   PAD
    0x20000608   0x00000200   Zero   RW         1586    .bss                os_cpu_c.o
    0x20000808   0x00000f20   Zero   RW         1723    .bss                os_core.o
    0x20001728   0x00000400   Zero   RW         4333    STACK               startup_stm32f407xx.o


==============================================================================

Image component sizes


      Code (inc. data)   RO Data    RW Data    ZI Data      Debug   Object Name

       140         18          0          0         68       1667   adc3.o
        22          0          0          0          0      11869   app_hooks.o
       124         20          0          0          0       2001   beep.o
       260         28          0          4          0       2023   delay.o
       434         36          0          0          0       4146   dht11.o
     17780        190       6080          4         14      39546   lcd.o
       128         18          0          0          0       1986   led.o
       130          8          0          0          0       1623   light_sensor.o
       860        204          0         15       1280     368522   main.o
      2440        420        256         76       3872      24458   os_core.o
       220         36          0          0          0        340   os_cpu_a.o
       722        128          0          4        512      15751   os_cpu_c.o
       280        184        116          0          0       3450   os_dbg.o
       124         14          0          0          0       1290   os_flag.o
        80          8          0          0          0        607   os_q.o
       412         24          0          0          0       2594   os_sem.o
      1162        116          0          0          0       7156   os_task.o
       120         20          0          0          0        672   os_time.o
        36          8        392          0       1024        876   startup_stm32f407xx.o
       148          6          0          0          0        964   stm32f4xx_exti.o
        28         10          0          4          0       2532   stm32f4xx_hal.o
      1094         56          0          0          0       5487   stm32f4xx_hal_adc.o
       206         14          0          0          0      29515   stm32f4xx_hal_cortex.o
       574         52          0          0          0       3896   stm32f4xx_hal_gpio.o
        80         16          0          0          0       1796   stm32f4xx_hal_pwr.o
       324         42         16          0          0       3601   stm32f4xx_hal_rcc.o
      1148         10          0          0          0       4072   stm32f4xx_hal_uart.o
       160          4          0          0          0       2043   stm32f4xx_ll_fsmc.o
       100         18          0          4          0       1357   system_stm32f4xx.o
       208         22          0          0         64       2539   uart.o
       460         40          0          0          0       5290   wkup.o

    ----------------------------------------------------------------------
     30036       1770       6892        112       6836     553669   Object Totals
         0          0         32          0          0          0   (incl. Generated)
        32          0          0          1          2          0   (incl. Padding)

    ----------------------------------------------------------------------

      Code (inc. data)   RO Data    RW Data    ZI Data      Debug   Library Member Name

         0          0          0          0          0          0   entry.o
         0          0          0          0          0          0   entry10a.o
         0          0          0          0          0          0   entry11a.o
         8          4          0          0          0          0   entry2.o
         4          0          0          0          0          0   entry5.o
         0          0          0          0          0          0   entry7b.o
         0          0          0          0          0          0   entry8b.o
         8          4          0          0          0          0   entry9a.o
        30          0          0          0          0          0   handlers.o
        36          8          0          0          0         68   init.o
         0          0          0          0          0          0   iusefp.o
        30          0          0          0          0         68   llshl.o
        32          0          0          0          0         68   llushr.o
       372         14          0          0          0        184   printf1.o
         0          0          0          4          0          0   stdout.o
        44          0          0          0          0         80   uidiv.o
       186          0          0          0          0        176   depilogue.o
        50          0          0          0          0         76   dfixui.o
        26          0          0          0          0         76   dfltui.o
       228          0          0          0          0         96   dmul.o

    ----------------------------------------------------------------------
      1060         30          0          4          0        892   Library Totals
         6          0          0          0          0          0   (incl. Padding)

    ----------------------------------------------------------------------

      Code (inc. data)   RO Data    RW Data    ZI Data      Debug   Library Name

       564         30          0          4          0        468   mc_w.l
       490          0          0          0          0        424   mf_w.l

    ----------------------------------------------------------------------
      1060         30          0          4          0        892   Library Totals

    ----------------------------------------------------------------------

==============================================================================


      Code (inc. data)   RO Data    RW Data    ZI Data      Debug   

     31096       1800       6892        116       6836     540749   Grand Totals
     31096       1800       6892        116       6836     540749   ELF Image Totals
     31096       1800       6892        116          0          0   ROM Totals

==============================================================================

    Total RO  Size (Code + RO Data)                37988 (  37.10kB)
    Total RW  Size (RW Data + ZI Data)              6952 (   6.79kB)
    Total ROM Size (Code + RO Data + RW Data)      38104 (  37.21kB)

==============================================================================

