<html>
<body>
<pre>
<h1>礦ision Build Log</h1>
<h2>Tool Versions:</h2>
IDE-Version: μVision V5.20.0.0
Copyright (C) 2016 ARM Ltd and ARM Germany GmbH. All rights reserved.
License Information: hh shi, hh, LIC=76FWF-6ZTY7-V1DP8-3JUH1-P81HB-NQFER
 
Tool Versions:
Toolchain:       MDK-ARM Plus  Version: 5.20
Toolchain Path:  C:\Keil_v5\ARM\ARMCC\Bin
C Compiler:      Armcc.exe V5.06 update 2 (build 183)
Assembler:       Armasm.exe V5.06 update 2 (build 183)
Linker/Locator:  ArmLink.exe V5.06 update 2 (build 183)
Library Manager: ArmAr.exe V5.06 update 2 (build 183)
Hex Converter:   FromElf.exe V5.06 update 2 (build 183)
CPU DLL:         SARMCM3.DLL V5.20
Dialog DLL:      DCM.DLL V1.13.7.0
Target DLL:      CMSIS_AGDI.dll V1.25.20.0
Dialog DLL:      TCM.DLL V1.14.9.0
 
<h2>Project:</h2>
C:\Users\shi\Desktop\软件\毕业设计\项目代码工程\PROJ\WareHouse.uvprojx
Project File Date:  11/08/2016

<h2>Output:</h2>
*** Using Compiler 'V5.06 update 2 (build 183)', folder: 'C:\Keil_v5\ARM\ARMCC\Bin'
Rebuild target 'WareHouse'
compiling delay.c...
compiling dht11.c...
compiling main.c...
compiling led.c...
compiling uart.c...
compiling adc3.c...
compiling beep.c...
compiling light_sensor.c...
compiling wkup.c...
compiling lib_ascii.c...
compiling lib_math.c...
compiling lib_mem.c...
compiling lib_str.c...
assembling lib_mem_a.asm...
compiling app_hooks.c...
compiling cpu_c.c...
assembling cpu_a.asm...
compiling cpu_core.c...
compiling lcd.c...
compiling os_cpu_c.c...
compiling os_dbg.c...
assembling os_cpu_a.asm...
compiling os_flag.c...
compiling os_core.c...
compiling os_mbox.c...
compiling os_mem.c...
compiling os_mutex.c...
compiling os_q.c...
compiling os_sem.c...
compiling os_time.c...
compiling os_tmr.c...
compiling os_task.c...
compiling stm32f4xx_exti.c...
compiling stm32f4xx_hal.c...
compiling stm32f4xx_hal_adc.c...
compiling stm32f4xx_hal_adc_ex.c...
compiling stm32f4xx_hal_cortex.c...
compiling stm32f4xx_hal_dma.c...
compiling stm32f4xx_hal_dma_ex.c...
compiling stm32f4xx_hal_pwr.c...
compiling stm32f4xx_hal_gpio.c...
compiling stm32f4xx_hal_pwr_ex.c...
compiling stm32f4xx_hal_rcc_ex.c...
compiling stm32f4xx_hal_rcc.c...
compiling stm32f4xx_hal_rtc_ex.c...
compiling stm32f4xx_hal_rtc.c...
compiling stm32f4xx_hal_sram.c...
assembling startup_stm32f407xx.s...
compiling system_stm32f4xx.c...
compiling stm32f4xx_ll_fsmc.c...
compiling stm32f4xx_hal_uart.c...
linking...
Program Size: Code=31096 RO-data=6892 RW-data=116 ZI-data=6836  
FromELF: creating hex file...
".\Objects\WareHouse.axf" - 0 Error(s), 0 Warning(s).

<h2>Software Packages used:</h2>

Package Vendor: ARM
                http://www.keil.com/pack/ARM.CMSIS.4.5.0.pack
                ARM::CMSIS:CORE:4.3.0
                CMSIS (Cortex Microcontroller Software Interface Standard)
   * Component: CORE Version: 4.3.0

Package Vendor: Keil
                http://www.keil.com/pack/Keil.STM32F4xx_DFP.2.8.0.pack
                Keil::Device:Startup:2.4.2
                STMicroelectronics STM32F4 Series Device Support, Drivers and Examples
   * Component: Startup Version: 2.4.2
   * Component: STM32Cube Framework Version: 1.0.0
   * Component: Classic Version: 1.4.2
   * Component: Common Version: 1.4.2
   * Component: ADC Version: 1.4.2
   * Component: DMA Version: 1.4.2
   * Component: Cortex Version: 1.4.2
   * Component: GPIO Version: 1.4.2
   * Component: PWR Version: 1.4.2
   * Component: RCC Version: 1.4.2
   * Component: SRAM Version: 1.4.2
   * Component: RTC Version: 1.4.2
   * Component: UART Version: 1.4.2

<h2>Collection of Component include folders:</h2>
  C:\Users\shi\Desktop\软件\毕业设计\项目代码工程\PROJ\RTE
  C:\Users\shi\Desktop\软件\毕业设计\项目代码工程\PROJ\RTE\Device\STM32F407ZGTx
  C:\Keil_v5\ARM\PACK\ARM\CMSIS\4.5.0\CMSIS\Include
  C:\Keil_v5\ARM\PACK\Keil\STM32F4xx_DFP\2.8.0\Drivers\CMSIS\Device\ST\STM32F4xx\Include
  C:\Keil_v5\ARM\PACK\Keil\STM32F4xx_DFP\2.8.0\Drivers\STM32F4xx_HAL_Driver\Inc

<h2>Collection of Component Files used:</h2>

   * Component: ARM::CMSIS:CORE:4.3.0

   * Component: Keil::Device:Startup:2.4.2
      Source file:   MDK\Device\Source\ARM\STM32F40xxx_41xxx_OPT.s
      Include file:  Drivers\CMSIS\Device\ST\STM32F4xx\Include\stm32f4xx.h
      Source file:   Drivers\CMSIS\Device\ST\STM32F4xx\Source\Templates\arm\startup_stm32f407xx.s
      Source file:   MDK\Device\Source\ARM\STM32F4xx_OTP.s
      Source file:   Drivers\CMSIS\Device\ST\STM32F4xx\Source\Templates\system_stm32f4xx.c

   * Component: ::Device:STM32Cube Framework:1.0.0 (API)

   * Component: Keil::Device:STM32Cube Framework:Classic:1.4.2
      Include file:  CMSIS\Driver\Config\RTE_Device.h
      Include file:  MDK\Templates\Inc\stm32f4xx_hal_conf.h
      Source file:   MDK\Templates\Src\stm32f4xx_it.c
      Include file:  MDK\Templates\Inc\main.h
      Source file:   MDK\Templates\Src\main.c
      Source file:   MDK\Templates\Src\stm32f4xx_hal_msp.c
      Include file:  MDK\Templates\Inc\stm32f4xx_it.h

   * Component: Keil::Device:STM32Cube HAL:Common:1.4.2
      Source file:   Drivers\STM32F4xx_HAL_Driver\Src\stm32f4xx_hal.c
      Include file:  Drivers\STM32F4xx_HAL_Driver\Inc\stm32f4xx_hal.h

   * Component: Keil::Device:STM32Cube HAL:ADC:1.4.2
      Source file:   Drivers\STM32F4xx_HAL_Driver\Src\stm32f4xx_hal_adc.c
      Source file:   Drivers\STM32F4xx_HAL_Driver\Src\stm32f4xx_hal_adc_ex.c

   * Component: Keil::Device:STM32Cube HAL:DMA:1.4.2
      Source file:   Drivers\STM32F4xx_HAL_Driver\Src\stm32f4xx_hal_dma.c
      Source file:   Drivers\STM32F4xx_HAL_Driver\Src\stm32f4xx_hal_dma_ex.c

   * Component: Keil::Device:STM32Cube HAL:Cortex:1.4.2
      Source file:   Drivers\STM32F4xx_HAL_Driver\Src\stm32f4xx_hal_cortex.c

   * Component: Keil::Device:STM32Cube HAL:GPIO:1.4.2
      Source file:   Drivers\STM32F4xx_HAL_Driver\Src\stm32f4xx_hal_gpio.c

   * Component: Keil::Device:STM32Cube HAL:PWR:1.4.2
      Source file:   Drivers\STM32F4xx_HAL_Driver\Src\stm32f4xx_hal_pwr_ex.c
      Source file:   Drivers\STM32F4xx_HAL_Driver\Src\stm32f4xx_hal_pwr.c

   * Component: Keil::Device:STM32Cube HAL:RCC:1.4.2
      Source file:   Drivers\STM32F4xx_HAL_Driver\Src\stm32f4xx_hal_rcc.c
      Source file:   Drivers\STM32F4xx_HAL_Driver\Src\stm32f4xx_hal_rcc_ex.c

   * Component: Keil::Device:STM32Cube HAL:SRAM:1.4.2
      Source file:   Drivers\STM32F4xx_HAL_Driver\Src\stm32f4xx_ll_fsmc.c
      Source file:   Drivers\STM32F4xx_HAL_Driver\Src\stm32f4xx_hal_sram.c

   * Component: Keil::Device:STM32Cube HAL:RTC:1.4.2
      Source file:   Drivers\STM32F4xx_HAL_Driver\Src\stm32f4xx_hal_rtc.c
      Source file:   Drivers\STM32F4xx_HAL_Driver\Src\stm32f4xx_hal_rtc_ex.c

   * Component: Keil::Device:STM32Cube HAL:UART:1.4.2
      Source file:   Drivers\STM32F4xx_HAL_Driver\Src\stm32f4xx_hal_uart.c
Build Time Elapsed:  00:00:24
</pre>
</body>
</html>
